Component: ARM Compiler 5.06 update 4 (build 422) Tool: armlink [4d35d2]

==============================================================================

Section Cross References

    startup_stm32f40_41xxx.o(RESET) refers to startup_stm32f40_41xxx.o(STACK) for __initial_sp
    startup_stm32f40_41xxx.o(RESET) refers to startup_stm32f40_41xxx.o(.text) for Reset_Handler
    startup_stm32f40_41xxx.o(RESET) refers to stm32f4xx_it.o(.text) for NMI_Handler
    startup_stm32f40_41xxx.o(RESET) refers to usb_bsp.o(.text) for OTG_FS_WKUP_IRQHandler
    startup_stm32f40_41xxx.o(.text) refers to system_stm32f4xx.o(.text) for SystemInit
    startup_stm32f40_41xxx.o(.text) refers to entry.o(.ARM.Collect$$$$00000000) for __main
    stm32f4xx_rcc.o(.text) refers to stm32f4xx_rcc.o(.data) for .data
    stm32f4xx_gpio.o(.text) refers to stm32f4xx_rcc.o(.text) for RCC_AHB1PeriphResetCmd
    tm_stm32f4_delay.o(.text) refers to malloc.o(i.malloc) for malloc
    tm_stm32f4_delay.o(.text) refers to malloc.o(i.free) for free
    tm_stm32f4_delay.o(.text) refers to tm_stm32f4_delay.o(.data) for .data
    tm_stm32f4_delay.o(.text) refers to tm_stm32f4_delay.o(.bss) for .bss
    tm_stm32f4_delay.o(.text) refers to system_stm32f4xx.o(.data) for SystemCoreClock
    tm_stm32f4_disco.o(.text) refers to tm_stm32f4_gpio.o(.text) for TM_GPIO_Init
    tm_stm32f4_disco.o(.text) refers to tm_stm32f4_disco.o(.data) for .data
    tm_stm32f4_usb_vcp.o(.text) refers to usbd_core.o(.text) for USBD_Init
    tm_stm32f4_usb_vcp.o(.text) refers to usbd_cdc_vcp.o(.text) for VCP_DataTx
    tm_stm32f4_usb_vcp.o(.text) refers to usbd_usr.o(.data) for USR_cb
    tm_stm32f4_usb_vcp.o(.text) refers to usbd_cdc_core.o(.data) for USBD_CDC_cb
    tm_stm32f4_usb_vcp.o(.text) refers to usbd_desc.o(.data) for USR_desc
    tm_stm32f4_usb_vcp.o(.text) refers to tm_stm32f4_usb_vcp.o(.bss) for .bss
    tm_stm32f4_usb_vcp.o(.text) refers to tm_stm32f4_usb_vcp.o(.data) for .data
    tm_stm32f4_usb_vcp.o(.text) refers to usbd_usr.o(.data) for TM_USB_VCP_INT_Status
    tm_stm32f4_usb_vcp.o(.text) refers to usbd_cdc_vcp.o(.data) for linecoding
    tm_stm32f4_gpio.o(.text) refers to tm_stm32f4_gpio.o(.bss) for .bss
    main.o(.text) refers to system_stm32f4xx.o(.text) for SystemInit
    main.o(.text) refers to tm_stm32f4_disco.o(.text) for TM_DISCO_LedInit
    main.o(.text) refers to tm_stm32f4_usb_vcp.o(.text) for TM_USB_VCP_Init
    stm32f4xx_it.o(.text) refers to tm_stm32f4_delay.o(.text) for TimingDelay_Decrement
    system_stm32f4xx.o(.text) refers to system_stm32f4xx.o(.data) for .data
    usb_bsp.o(.text) refers to stm32f4xx_rcc.o(.text) for RCC_AHB1PeriphClockCmd
    usb_bsp.o(.text) refers to stm32f4xx_gpio.o(.text) for GPIO_Init
    usb_bsp.o(.text) refers to misc.o(.text) for NVIC_PriorityGroupConfig
    usb_bsp.o(.text) refers to stm32f4xx_exti.o(.text) for EXTI_ClearITPendingBit
    usb_bsp.o(.text) refers to usb_dcd_int.o(.text) for USBD_OTG_ISR_Handler
    usb_bsp.o(.text) refers to tm_stm32f4_usb_vcp.o(.bss) for USB_OTG_dev
    usb_core.o(.text) refers to usb_bsp.o(.text) for USB_OTG_BSP_uDelay
    usb_dcd.o(.text) refers to usb_core.o(.text) for USB_OTG_SelectCore
    usb_dcd.o(.text) refers to usb_bsp.o(.text) for USB_OTG_BSP_mDelay
    usb_dcd_int.o(.text) refers to usb_core.o(.text) for USB_OTG_ReadDevAllInEPItr
    usb_dcd_int.o(.text) refers to usbd_core.o(.data) for USBD_DCD_INT_fops
    usbd_cdc_core.o(.text) refers to usb_dcd.o(.text) for DCD_EP_Open
    usbd_cdc_core.o(.text) refers to usbd_req.o(.text) for USBD_CtlError
    usbd_cdc_core.o(.text) refers to usbd_ioreq.o(.text) for USBD_CtlPrepareRx
    usbd_cdc_core.o(.text) refers to usbd_desc.o(.data) for USBD_DeviceDesc
    usbd_cdc_core.o(.text) refers to usbd_cdc_vcp.o(.data) for VCP_fops
    usbd_cdc_core.o(.text) refers to usbd_cdc_core.o(.bss) for .bss
    usbd_cdc_core.o(.text) refers to usbd_cdc_core.o(.data) for .data
    usbd_cdc_core.o(.data) refers to usbd_cdc_core.o(.text) for usbd_cdc_Init
    usbd_cdc_vcp.o(.text) refers to tm_stm32f4_usb_vcp.o(.text) for TM_INT_USB_VCP_AddReceived
    usbd_cdc_vcp.o(.text) refers to usbd_cdc_vcp.o(.data) for .data
    usbd_cdc_vcp.o(.text) refers to usbd_cdc_core.o(.data) for APP_Rx_ptr_in
    usbd_cdc_vcp.o(.text) refers to usbd_cdc_core.o(.bss) for APP_Rx_Buffer
    usbd_cdc_vcp.o(.data) refers to usbd_cdc_vcp.o(.text) for VCP_Init
    usbd_core.o(.text) refers to usb_bsp.o(.text) for USB_OTG_BSP_Init
    usbd_core.o(.text) refers to usb_dcd.o(.text) for DCD_Init
    usbd_core.o(.text) refers to usbd_req.o(.text) for USBD_ParseSetupRequest
    usbd_core.o(.text) refers to usbd_ioreq.o(.text) for USBD_CtlContinueRx
    usbd_core.o(.text) refers to usbd_core.o(.data) for .data
    usbd_core.o(.data) refers to usbd_core.o(.text) for USBD_DataOutStage
    usbd_core.o(.data) refers to usbd_core.o(.data) for USBD_DCD_INT_cb
    usbd_desc.o(.text) refers to usbd_req.o(.text) for USBD_GetString
    usbd_desc.o(.text) refers to usbd_desc.o(.data) for .data
    usbd_desc.o(.text) refers to usbd_req.o(.bss) for USBD_StrDesc
    usbd_desc.o(.data) refers to usbd_desc.o(.text) for USBD_USR_DeviceDescriptor
    usbd_ioreq.o(.text) refers to usb_dcd.o(.text) for DCD_EP_Tx
    usbd_ioreq.o(.text) refers to usb_core.o(.text) for USB_OTG_EP0_OutStart
    usbd_req.o(.text) refers to usb_dcd.o(.text) for DCD_EP_Stall
    usbd_req.o(.text) refers to usb_core.o(.text) for USB_OTG_EP0_OutStart
    usbd_req.o(.text) refers to usbd_core.o(.text) for USBD_ClrCfg
    usbd_req.o(.text) refers to usbd_ioreq.o(.text) for USBD_CtlSendStatus
    usbd_req.o(.text) refers to usbd_req.o(.data) for .data
    usbd_req.o(.text) refers to usbd_core.o(.data) for SET_TEST_MODE
    usbd_usr.o(.text) refers to usbd_usr.o(.data) for .data
    usbd_usr.o(.data) refers to usbd_usr.o(.text) for USBD_USR_Init
    entry.o(.ARM.Collect$$$$00000000) refers (Special) to entry10a.o(.ARM.Collect$$$$0000000D) for __rt_final_cpp
    entry.o(.ARM.Collect$$$$00000000) refers (Special) to entry11a.o(.ARM.Collect$$$$0000000F) for __rt_final_exit
    entry.o(.ARM.Collect$$$$00000000) refers (Special) to entry7b.o(.ARM.Collect$$$$00000008) for _main_clock
    entry.o(.ARM.Collect$$$$00000000) refers (Special) to entry8b.o(.ARM.Collect$$$$0000000A) for _main_cpp_init
    entry.o(.ARM.Collect$$$$00000000) refers (Special) to entry9a.o(.ARM.Collect$$$$0000000B) for _main_init
    entry.o(.ARM.Collect$$$$00000000) refers (Special) to entry5.o(.ARM.Collect$$$$00000004) for _main_scatterload
    entry.o(.ARM.Collect$$$$00000000) refers (Special) to entry2.o(.ARM.Collect$$$$00000001) for _main_stk
    malloc.o(i.free) refers to mvars.o(.data) for __microlib_freelist
    malloc.o(i.malloc) refers to mvars.o(.data) for __microlib_freelist_initialised
    malloc.o(i.malloc) refers to mvars.o(.data) for __microlib_freelist
    malloc.o(i.malloc) refers to startup_stm32f40_41xxx.o(HEAP) for __heap_base
    mallocr.o(i.__free$realloc) refers to mvars.o(.data) for __microlib_freelist
    mallocr.o(i.__malloc$realloc) refers to mallocr.o(i.internal_alloc) for internal_alloc
    mallocr.o(i.__malloc$realloc) refers to mvars.o(.data) for __microlib_freelist_initialised
    mallocr.o(i.__malloc$realloc) refers to startup_stm32f40_41xxx.o(HEAP) for __heap_base
    mallocr.o(i.__malloc$realloc) refers to mvars.o(.data) for __microlib_freelist
    mallocr.o(i.internal_alloc) refers to memcpya.o(.text) for __aeabi_memcpy
    mallocr.o(i.internal_alloc) refers to mvars.o(.data) for __microlib_freelist
    mallocr.o(i.realloc) refers to mallocr.o(i.__free$realloc) for __free$realloc
    mallocr.o(i.realloc) refers to mallocr.o(i.internal_alloc) for internal_alloc
    mallocr.o(i.realloc) refers to mallocr.o(i.__malloc$realloc) for __malloc$realloc
    mallocr.o(i.realloc) refers to mvars.o(.data) for __microlib_freelist
    malloca.o(i.__aligned_malloc) refers to mvars.o(.data) for __microlib_freelist_initialised
    malloca.o(i.__aligned_malloc) refers to mvars.o(.data) for __microlib_freelist
    malloca.o(i.__aligned_malloc) refers to startup_stm32f40_41xxx.o(HEAP) for __heap_base
    malloca.o(i.__free$memalign) refers to mvars.o(.data) for __microlib_freelist
    malloca.o(i.__malloc$memalign) refers to malloca.o(i.__aligned_malloc) for __aligned_malloc
    mallocra.o(i.__aligned_malloc$realloc) refers to mallocra.o(i.internal_alloc) for internal_alloc
    mallocra.o(i.__aligned_malloc$realloc) refers to mvars.o(.data) for __microlib_freelist_initialised
    mallocra.o(i.__aligned_malloc$realloc) refers to startup_stm32f40_41xxx.o(HEAP) for __heap_base
    mallocra.o(i.__aligned_malloc$realloc) refers to mvars.o(.data) for __microlib_freelist
    mallocra.o(i.__free$realloc$memalign) refers to mvars.o(.data) for __microlib_freelist
    mallocra.o(i.__malloc$realloc$memalign) refers to mallocra.o(i.__aligned_malloc$realloc) for __aligned_malloc$realloc
    mallocra.o(i.__realloc$memalign) refers to mallocra.o(i.__free$realloc$memalign) for __free$realloc$memalign
    mallocra.o(i.__realloc$memalign) refers to mallocra.o(i.internal_alloc) for internal_alloc
    mallocra.o(i.__realloc$memalign) refers to mallocra.o(i.__malloc$realloc$memalign) for __malloc$realloc$memalign
    mallocra.o(i.__realloc$memalign) refers to mvars.o(.data) for __microlib_freelist
    mallocra.o(i.internal_alloc) refers to memcpya.o(.text) for __aeabi_memcpy
    mallocra.o(i.internal_alloc) refers to mvars.o(.data) for __microlib_freelist
    entry2.o(.ARM.Collect$$$$00000001) refers to entry2.o(.ARM.Collect$$$$00002712) for __lit__00000000
    entry2.o(.ARM.Collect$$$$00002712) refers to startup_stm32f40_41xxx.o(STACK) for __initial_sp
    entry2.o(__vectab_stack_and_reset_area) refers to startup_stm32f40_41xxx.o(STACK) for __initial_sp
    entry2.o(__vectab_stack_and_reset_area) refers to entry.o(.ARM.Collect$$$$00000000) for __main
    entry5.o(.ARM.Collect$$$$00000004) refers to init.o(.text) for __scatterload
    entry9a.o(.ARM.Collect$$$$0000000B) refers to main.o(.text) for main
    entry9b.o(.ARM.Collect$$$$0000000C) refers to main.o(.text) for main
    init.o(.text) refers to entry5.o(.ARM.Collect$$$$00000004) for __main_after_scatterload


==============================================================================

Removing Unused input sections from the image.

    Removing misc.o(.rev16_text), (4 bytes).
    Removing misc.o(.revsh_text), (4 bytes).
    Removing misc.o(.rrx_text), (6 bytes).
    Removing stm32f4xx_rcc.o(.rev16_text), (4 bytes).
    Removing stm32f4xx_rcc.o(.revsh_text), (4 bytes).
    Removing stm32f4xx_rcc.o(.rrx_text), (6 bytes).
    Removing stm32f4xx_gpio.o(.rev16_text), (4 bytes).
    Removing stm32f4xx_gpio.o(.revsh_text), (4 bytes).
    Removing stm32f4xx_gpio.o(.rrx_text), (6 bytes).
    Removing stm32f4xx_exti.o(.rev16_text), (4 bytes).
    Removing stm32f4xx_exti.o(.revsh_text), (4 bytes).
    Removing stm32f4xx_exti.o(.rrx_text), (6 bytes).
    Removing tm_stm32f4_delay.o(.rev16_text), (4 bytes).
    Removing tm_stm32f4_delay.o(.revsh_text), (4 bytes).
    Removing tm_stm32f4_delay.o(.rrx_text), (6 bytes).
    Removing tm_stm32f4_delay.o(.data), (4 bytes).
    Removing tm_stm32f4_disco.o(.rev16_text), (4 bytes).
    Removing tm_stm32f4_disco.o(.revsh_text), (4 bytes).
    Removing tm_stm32f4_disco.o(.rrx_text), (6 bytes).
    Removing tm_stm32f4_usb_vcp.o(.rev16_text), (4 bytes).
    Removing tm_stm32f4_usb_vcp.o(.revsh_text), (4 bytes).
    Removing tm_stm32f4_usb_vcp.o(.rrx_text), (6 bytes).
    Removing tm_stm32f4_gpio.o(.rev16_text), (4 bytes).
    Removing tm_stm32f4_gpio.o(.revsh_text), (4 bytes).
    Removing tm_stm32f4_gpio.o(.rrx_text), (6 bytes).
    Removing main.o(.rev16_text), (4 bytes).
    Removing main.o(.revsh_text), (4 bytes).
    Removing main.o(.rrx_text), (6 bytes).
    Removing stm32f4xx_it.o(.rev16_text), (4 bytes).
    Removing stm32f4xx_it.o(.revsh_text), (4 bytes).
    Removing stm32f4xx_it.o(.rrx_text), (6 bytes).
    Removing system_stm32f4xx.o(.rev16_text), (4 bytes).
    Removing system_stm32f4xx.o(.revsh_text), (4 bytes).
    Removing system_stm32f4xx.o(.rrx_text), (6 bytes).
    Removing usb_bsp.o(.rev16_text), (4 bytes).
    Removing usb_bsp.o(.revsh_text), (4 bytes).
    Removing usb_bsp.o(.rrx_text), (6 bytes).
    Removing usb_core.o(.rev16_text), (4 bytes).
    Removing usb_core.o(.revsh_text), (4 bytes).
    Removing usb_core.o(.rrx_text), (6 bytes).
    Removing usb_dcd.o(.rev16_text), (4 bytes).
    Removing usb_dcd.o(.revsh_text), (4 bytes).
    Removing usb_dcd.o(.rrx_text), (6 bytes).
    Removing usb_dcd_int.o(.rev16_text), (4 bytes).
    Removing usb_dcd_int.o(.revsh_text), (4 bytes).
    Removing usb_dcd_int.o(.rrx_text), (6 bytes).
    Removing usbd_cdc_core.o(.rev16_text), (4 bytes).
    Removing usbd_cdc_core.o(.revsh_text), (4 bytes).
    Removing usbd_cdc_core.o(.rrx_text), (6 bytes).
    Removing usbd_cdc_core.o(.bss), (67 bytes).
    Removing usbd_cdc_vcp.o(.rev16_text), (4 bytes).
    Removing usbd_cdc_vcp.o(.revsh_text), (4 bytes).
    Removing usbd_cdc_vcp.o(.rrx_text), (6 bytes).
    Removing usbd_core.o(.rev16_text), (4 bytes).
    Removing usbd_core.o(.revsh_text), (4 bytes).
    Removing usbd_core.o(.rrx_text), (6 bytes).
    Removing usbd_desc.o(.rev16_text), (4 bytes).
    Removing usbd_desc.o(.revsh_text), (4 bytes).
    Removing usbd_desc.o(.rrx_text), (6 bytes).
    Removing usbd_desc.o(.data), (10 bytes).
    Removing usbd_ioreq.o(.rev16_text), (4 bytes).
    Removing usbd_ioreq.o(.revsh_text), (4 bytes).
    Removing usbd_ioreq.o(.rrx_text), (6 bytes).
    Removing usbd_req.o(.rev16_text), (4 bytes).
    Removing usbd_req.o(.revsh_text), (4 bytes).
    Removing usbd_req.o(.rrx_text), (6 bytes).
    Removing usbd_usr.o(.rev16_text), (4 bytes).
    Removing usbd_usr.o(.revsh_text), (4 bytes).
    Removing usbd_usr.o(.rrx_text), (6 bytes).

69 unused section(s) (total 389 bytes) removed from the image.

==============================================================================

Image Symbol Table

    Local Symbols

    Symbol Name                              Value     Ov Type        Size  Object(Section)

    ../clib/../cmprslib/zerorunl2.c          0x00000000   Number         0  __dczerorl2.o ABSOLUTE
    ../clib/microlib/init/entry.s            0x00000000   Number         0  entry10b.o ABSOLUTE
    ../clib/microlib/init/entry.s            0x00000000   Number         0  entry.o ABSOLUTE
    ../clib/microlib/init/entry.s            0x00000000   Number         0  entry8b.o ABSOLUTE
    ../clib/microlib/init/entry.s            0x00000000   Number         0  entry2.o ABSOLUTE
    ../clib/microlib/init/entry.s            0x00000000   Number         0  entry5.o ABSOLUTE
    ../clib/microlib/init/entry.s            0x00000000   Number         0  entry7a.o ABSOLUTE
    ../clib/microlib/init/entry.s            0x00000000   Number         0  entry7b.o ABSOLUTE
    ../clib/microlib/init/entry.s            0x00000000   Number         0  entry9a.o ABSOLUTE
    ../clib/microlib/init/entry.s            0x00000000   Number         0  entry8a.o ABSOLUTE
    ../clib/microlib/init/entry.s            0x00000000   Number         0  entry9b.o ABSOLUTE
    ../clib/microlib/init/entry.s            0x00000000   Number         0  entry10a.o ABSOLUTE
    ../clib/microlib/init/entry.s            0x00000000   Number         0  entry11a.o ABSOLUTE
    ../clib/microlib/init/entry.s            0x00000000   Number         0  entry11b.o ABSOLUTE
    ../clib/microlib/malloc/malloc.c         0x00000000   Number         0  malloc.o ABSOLUTE
    ../clib/microlib/malloc/malloc.c         0x00000000   Number         0  mallocr.o ABSOLUTE
    ../clib/microlib/malloc/malloc.c         0x00000000   Number         0  malloca.o ABSOLUTE
    ../clib/microlib/malloc/malloc.c         0x00000000   Number         0  mallocra.o ABSOLUTE
    ../clib/microlib/malloc/mvars.c          0x00000000   Number         0  mvars.o ABSOLUTE
    ../clib/microlib/string/memcpy.c         0x00000000   Number         0  memcpyb.o ABSOLUTE
    ../clib/microlib/string/memcpy.c         0x00000000   Number         0  memcpya.o ABSOLUTE
    ..\00-STM32F429_LIBRARIES\tm_stm32f4_delay.c 0x00000000   Number         0  tm_stm32f4_delay.o ABSOLUTE
    ..\00-STM32F429_LIBRARIES\tm_stm32f4_disco.c 0x00000000   Number         0  tm_stm32f4_disco.o ABSOLUTE
    ..\00-STM32F429_LIBRARIES\tm_stm32f4_gpio.c 0x00000000   Number         0  tm_stm32f4_gpio.o ABSOLUTE
    ..\00-STM32F429_LIBRARIES\tm_stm32f4_usb_vcp.c 0x00000000   Number         0  tm_stm32f4_usb_vcp.o ABSOLUTE
    ..\00-STM32F429_LIBRARIES\usb_cdc_device\usb_bsp.c 0x00000000   Number         0  usb_bsp.o ABSOLUTE
    ..\00-STM32F429_LIBRARIES\usb_cdc_device\usb_core.c 0x00000000   Number         0  usb_core.o ABSOLUTE
    ..\00-STM32F429_LIBRARIES\usb_cdc_device\usb_dcd.c 0x00000000   Number         0  usb_dcd.o ABSOLUTE
    ..\00-STM32F429_LIBRARIES\usb_cdc_device\usb_dcd_int.c 0x00000000   Number         0  usb_dcd_int.o ABSOLUTE
    ..\00-STM32F429_LIBRARIES\usb_cdc_device\usbd_cdc_core.c 0x00000000   Number         0  usbd_cdc_core.o ABSOLUTE
    ..\00-STM32F429_LIBRARIES\usb_cdc_device\usbd_cdc_vcp.c 0x00000000   Number         0  usbd_cdc_vcp.o ABSOLUTE
    ..\00-STM32F429_LIBRARIES\usb_cdc_device\usbd_core.c 0x00000000   Number         0  usbd_core.o ABSOLUTE
    ..\00-STM32F429_LIBRARIES\usb_cdc_device\usbd_desc.c 0x00000000   Number         0  usbd_desc.o ABSOLUTE
    ..\00-STM32F429_LIBRARIES\usb_cdc_device\usbd_ioreq.c 0x00000000   Number         0  usbd_ioreq.o ABSOLUTE
    ..\00-STM32F429_LIBRARIES\usb_cdc_device\usbd_req.c 0x00000000   Number         0  usbd_req.o ABSOLUTE
    ..\00-STM32F429_LIBRARIES\usb_cdc_device\usbd_usr.c 0x00000000   Number         0  usbd_usr.o ABSOLUTE
    ..\00-STM32F4xx_STANDARD_PERIPHERAL_DRIVERS\CMSIS\Device\ST\STM32F4xx\Source\Templates\arm\startup_stm32f40_41xxx.s 0x00000000   Number         0  startup_stm32f40_41xxx.o ABSOLUTE
    ..\00-STM32F4xx_STANDARD_PERIPHERAL_DRIVERS\STM32F4xx_StdPeriph_Driver\src\misc.c 0x00000000   Number         0  misc.o ABSOLUTE
    ..\00-STM32F4xx_STANDARD_PERIPHERAL_DRIVERS\STM32F4xx_StdPeriph_Driver\src\stm32f4xx_exti.c 0x00000000   Number         0  stm32f4xx_exti.o ABSOLUTE
    ..\00-STM32F4xx_STANDARD_PERIPHERAL_DRIVERS\STM32F4xx_StdPeriph_Driver\src\stm32f4xx_gpio.c 0x00000000   Number         0  stm32f4xx_gpio.o ABSOLUTE
    ..\00-STM32F4xx_STANDARD_PERIPHERAL_DRIVERS\STM32F4xx_StdPeriph_Driver\src\stm32f4xx_rcc.c 0x00000000   Number         0  stm32f4xx_rcc.o ABSOLUTE
    ..\\00-STM32F429_LIBRARIES\\tm_stm32f4_delay.c 0x00000000   Number         0  tm_stm32f4_delay.o ABSOLUTE
    ..\\00-STM32F429_LIBRARIES\\tm_stm32f4_disco.c 0x00000000   Number         0  tm_stm32f4_disco.o ABSOLUTE
    ..\\00-STM32F429_LIBRARIES\\tm_stm32f4_gpio.c 0x00000000   Number         0  tm_stm32f4_gpio.o ABSOLUTE
    ..\\00-STM32F429_LIBRARIES\\tm_stm32f4_usb_vcp.c 0x00000000   Number         0  tm_stm32f4_usb_vcp.o ABSOLUTE
    ..\\00-STM32F429_LIBRARIES\\usb_cdc_device\\usb_bsp.c 0x00000000   Number         0  usb_bsp.o ABSOLUTE
    ..\\00-STM32F429_LIBRARIES\\usb_cdc_device\\usb_core.c 0x00000000   Number         0  usb_core.o ABSOLUTE
    ..\\00-STM32F429_LIBRARIES\\usb_cdc_device\\usb_dcd.c 0x00000000   Number         0  usb_dcd.o ABSOLUTE
    ..\\00-STM32F429_LIBRARIES\\usb_cdc_device\\usb_dcd_int.c 0x00000000   Number         0  usb_dcd_int.o ABSOLUTE
    ..\\00-STM32F429_LIBRARIES\\usb_cdc_device\\usbd_cdc_core.c 0x00000000   Number         0  usbd_cdc_core.o ABSOLUTE
    ..\\00-STM32F429_LIBRARIES\\usb_cdc_device\\usbd_cdc_vcp.c 0x00000000   Number         0  usbd_cdc_vcp.o ABSOLUTE
    ..\\00-STM32F429_LIBRARIES\\usb_cdc_device\\usbd_core.c 0x00000000   Number         0  usbd_core.o ABSOLUTE
    ..\\00-STM32F429_LIBRARIES\\usb_cdc_device\\usbd_desc.c 0x00000000   Number         0  usbd_desc.o ABSOLUTE
    ..\\00-STM32F429_LIBRARIES\\usb_cdc_device\\usbd_ioreq.c 0x00000000   Number         0  usbd_ioreq.o ABSOLUTE
    ..\\00-STM32F429_LIBRARIES\\usb_cdc_device\\usbd_req.c 0x00000000   Number         0  usbd_req.o ABSOLUTE
    ..\\00-STM32F429_LIBRARIES\\usb_cdc_device\\usbd_usr.c 0x00000000   Number         0  usbd_usr.o ABSOLUTE
    ..\\00-STM32F4xx_STANDARD_PERIPHERAL_DRIVERS\\STM32F4xx_StdPeriph_Driver\\src\\misc.c 0x00000000   Number         0  misc.o ABSOLUTE
    ..\\00-STM32F4xx_STANDARD_PERIPHERAL_DRIVERS\\STM32F4xx_StdPeriph_Driver\\src\\stm32f4xx_exti.c 0x00000000   Number         0  stm32f4xx_exti.o ABSOLUTE
    ..\\00-STM32F4xx_STANDARD_PERIPHERAL_DRIVERS\\STM32F4xx_StdPeriph_Driver\\src\\stm32f4xx_gpio.c 0x00000000   Number         0  stm32f4xx_gpio.o ABSOLUTE
    ..\\00-STM32F4xx_STANDARD_PERIPHERAL_DRIVERS\\STM32F4xx_StdPeriph_Driver\\src\\stm32f4xx_rcc.c 0x00000000   Number         0  stm32f4xx_rcc.o ABSOLUTE
    User\\main.c                             0x00000000   Number         0  main.o ABSOLUTE
    User\\stm32f4xx_it.c                     0x00000000   Number         0  stm32f4xx_it.o ABSOLUTE
    User\\system_stm32f4xx.c                 0x00000000   Number         0  system_stm32f4xx.o ABSOLUTE
    User\main.c                              0x00000000   Number         0  main.o ABSOLUTE
    User\stm32f4xx_it.c                      0x00000000   Number         0  stm32f4xx_it.o ABSOLUTE
    User\system_stm32f4xx.c                  0x00000000   Number         0  system_stm32f4xx.o ABSOLUTE
    dc.s                                     0x00000000   Number         0  dc.o ABSOLUTE
    handlers.s                               0x00000000   Number         0  handlers.o ABSOLUTE
    init.s                                   0x00000000   Number         0  init.o ABSOLUTE
    RESET                                    0x08000000   Section      392  startup_stm32f40_41xxx.o(RESET)
    .ARM.Collect$$$$00000000                 0x08000188   Section        0  entry.o(.ARM.Collect$$$$00000000)
    .ARM.Collect$$$$00000001                 0x08000188   Section        4  entry2.o(.ARM.Collect$$$$00000001)
    .ARM.Collect$$$$00000004                 0x0800018c   Section        4  entry5.o(.ARM.Collect$$$$00000004)
    .ARM.Collect$$$$00000008                 0x08000190   Section        0  entry7b.o(.ARM.Collect$$$$00000008)
    .ARM.Collect$$$$0000000A                 0x08000190   Section        0  entry8b.o(.ARM.Collect$$$$0000000A)
    .ARM.Collect$$$$0000000B                 0x08000190   Section        8  entry9a.o(.ARM.Collect$$$$0000000B)
    .ARM.Collect$$$$0000000D                 0x08000198   Section        0  entry10a.o(.ARM.Collect$$$$0000000D)
    .ARM.Collect$$$$0000000F                 0x08000198   Section        0  entry11a.o(.ARM.Collect$$$$0000000F)
    .ARM.Collect$$$$00002712                 0x08000198   Section        4  entry2.o(.ARM.Collect$$$$00002712)
    __lit__00000000                          0x08000198   Data           4  entry2.o(.ARM.Collect$$$$00002712)
    .text                                    0x0800019c   Section       36  startup_stm32f40_41xxx.o(.text)
    $v0                                      0x0800019c   Number         0  startup_stm32f40_41xxx.o(.text)
    .text                                    0x080001c0   Section        0  misc.o(.text)
    .text                                    0x08000270   Section        0  stm32f4xx_rcc.o(.text)
    .text                                    0x080006f4   Section        0  stm32f4xx_gpio.o(.text)
    .text                                    0x08000900   Section        0  stm32f4xx_exti.o(.text)
    .text                                    0x080009e0   Section        0  tm_stm32f4_delay.o(.text)
    .text                                    0x08000b60   Section        0  tm_stm32f4_disco.o(.text)
    .text                                    0x08000be4   Section        0  tm_stm32f4_usb_vcp.o(.text)
    .text                                    0x08000d80   Section        0  tm_stm32f4_gpio.o(.text)
    .text                                    0x0800101c   Section        0  main.o(.text)
    .text                                    0x08001060   Section        0  stm32f4xx_it.o(.text)
    .text                                    0x0800107c   Section        0  system_stm32f4xx.o(.text)
    SetSysClock                              0x0800107d   Thumb Code   162  system_stm32f4xx.o(.text)
    .text                                    0x080011fc   Section        0  usb_bsp.o(.text)
    .text                                    0x080012f4   Section        0  usb_core.o(.text)
    USB_OTG_CoreReset                        0x080012f5   Thumb Code    84  usb_core.o(.text)
    .text                                    0x08001c14   Section        0  usb_dcd.o(.text)
    .text                                    0x08001e94   Section        0  usb_dcd_int.o(.text)
    DCD_HandleInEP_ISR                       0x08001e95   Thumb Code   198  usb_dcd_int.o(.text)
    DCD_HandleUsbReset_ISR                   0x080020a1   Thumb Code   128  usb_dcd_int.o(.text)
    DCD_HandleRxStatusQueueLevel_ISR         0x08002121   Thumb Code   124  usb_dcd_int.o(.text)
    DCD_HandleUSBSuspend_ISR                 0x0800219d   Thumb Code   102  usb_dcd_int.o(.text)
    DCD_WriteEmptyTxFifo                     0x08002203   Thumb Code   112  usb_dcd_int.o(.text)
    DCD_HandleOutEP_ISR                      0x08002273   Thumb Code   174  usb_dcd_int.o(.text)
    .text                                    0x08002320   Section        0  usbd_cdc_core.o(.text)
    usbd_cdc_Init                            0x08002321   Thumb Code    70  usbd_cdc_core.o(.text)
    usbd_cdc_DeInit                          0x08002367   Thumb Code    36  usbd_cdc_core.o(.text)
    usbd_cdc_Setup                           0x0800238b   Thumb Code   174  usbd_cdc_core.o(.text)
    usbd_cdc_EP0_RxReady                     0x08002439   Thumb Code    32  usbd_cdc_core.o(.text)
    usbd_cdc_DataIn                          0x08002459   Thumb Code    68  usbd_cdc_core.o(.text)
    usbd_cdc_DataOut                         0x0800249d   Thumb Code    42  usbd_cdc_core.o(.text)
    Handle_USBAsynchXfer                     0x080024c7   Thumb Code    96  usbd_cdc_core.o(.text)
    usbd_cdc_SOF                             0x08002527   Thumb Code    28  usbd_cdc_core.o(.text)
    USBD_cdc_GetCfgDesc                      0x08002543   Thumb Code    10  usbd_cdc_core.o(.text)
    .text                                    0x0800255c   Section        0  usbd_cdc_vcp.o(.text)
    VCP_Init                                 0x0800255d   Thumb Code     4  usbd_cdc_vcp.o(.text)
    VCP_DeInit                               0x08002561   Thumb Code     4  usbd_cdc_vcp.o(.text)
    VCP_Ctrl                                 0x08002565   Thumb Code    82  usbd_cdc_vcp.o(.text)
    .text                                    0x08002608   Section        0  usbd_core.o(.text)
    USBD_SetupStage                          0x08002641   Thumb Code    72  usbd_core.o(.text)
    USBD_DataOutStage                        0x08002689   Thumb Code   116  usbd_core.o(.text)
    USBD_DataInStage                         0x080026fd   Thumb Code   172  usbd_core.o(.text)
    USBD_Reset                               0x080027a9   Thumb Code    46  usbd_core.o(.text)
    USBD_Resume                              0x080027d7   Thumb Code    22  usbd_core.o(.text)
    USBD_Suspend                             0x080027ed   Thumb Code    28  usbd_core.o(.text)
    USBD_SOF                                 0x08002809   Thumb Code    16  usbd_core.o(.text)
    USBD_IsoINIncomplete                     0x08002841   Thumb Code    14  usbd_core.o(.text)
    USBD_IsoOUTIncomplete                    0x0800284f   Thumb Code    14  usbd_core.o(.text)
    .text                                    0x08002860   Section        0  usbd_desc.o(.text)
    .text                                    0x08002930   Section        0  usbd_ioreq.o(.text)
    .text                                    0x080029e8   Section        0  usbd_req.o(.text)
    USBD_SetConfig                           0x08002a05   Thumb Code   110  usbd_req.o(.text)
    USBD_GetDescriptor                       0x08002a73   Thumb Code   206  usbd_req.o(.text)
    USBD_SetFeature                          0x08002dbd   Thumb Code   122  usbd_req.o(.text)
    .text                                    0x08002e3c   Section        0  usbd_usr.o(.text)
    .text                                    0x08002e80   Section       36  init.o(.text)
    .text                                    0x08002ea4   Section        0  __dczerorl2.o(.text)
    i.__scatterload_copy                     0x08002efa   Section       14  handlers.o(i.__scatterload_copy)
    i.__scatterload_null                     0x08002f08   Section        2  handlers.o(i.__scatterload_null)
    i.__scatterload_zeroinit                 0x08002f0a   Section       14  handlers.o(i.__scatterload_zeroinit)
    i.free                                   0x08002f18   Section        0  malloc.o(i.free)
    i.malloc                                 0x08002f68   Section        0  malloc.o(i.malloc)
    .data                                    0x20000000   Section       16  stm32f4xx_rcc.o(.data)
    APBAHBPrescTable                         0x20000000   Data          16  stm32f4xx_rcc.o(.data)
    .data                                    0x20000010   Section       16  tm_stm32f4_delay.o(.data)
    .data                                    0x20000020   Section        1  tm_stm32f4_disco.o(.data)
    TM_INT_DISCO_ButtonPressed               0x20000020   Data           1  tm_stm32f4_disco.o(.data)
    .data                                    0x20000024   Section       16  tm_stm32f4_usb_vcp.o(.data)
    .data                                    0x20000034   Section       20  system_stm32f4xx.o(.data)
    .data                                    0x20000048   Section      107  usbd_cdc_core.o(.data)
    usbd_cdc_AltSet                          0x2000004c   Data           4  usbd_cdc_core.o(.data)
    cdcCmd                                   0x2000005c   Data           4  usbd_cdc_core.o(.data)
    cdcLen                                   0x20000060   Data           4  usbd_cdc_core.o(.data)
    FrameCount                               0x20000064   Data           4  usbd_cdc_core.o(.data)
    .data                                    0x200000b4   Section       44  usbd_cdc_core.o(.data)
    .data                                    0x200000e0   Section        8  usbd_cdc_vcp.o(.data)
    .data                                    0x200000e8   Section       20  usbd_cdc_vcp.o(.data)
    .data                                    0x200000fc   Section       44  usbd_core.o(.data)
    .data                                    0x20000128   Section        4  usbd_core.o(.data)
    .data                                    0x2000012c   Section        4  usbd_core.o(.data)
    .data                                    0x20000130   Section       28  usbd_desc.o(.data)
    .data                                    0x2000014c   Section       22  usbd_desc.o(.data)
    .data                                    0x20000164   Section       16  usbd_req.o(.data)
    cfgidx                                   0x20000164   Data           1  usbd_req.o(.data)
    .data                                    0x20000174   Section        1  usbd_usr.o(.data)
    .data                                    0x20000178   Section       28  usbd_usr.o(.data)
    .data                                    0x20000194   Section        4  mvars.o(.data)
    .data                                    0x20000198   Section        4  mvars.o(.data)
    .bss                                     0x2000019c   Section       24  tm_stm32f4_delay.o(.bss)
    CustomTimers                             0x2000019c   Data          24  tm_stm32f4_delay.o(.bss)
    .bss                                     0x200001b4   Section     1652  tm_stm32f4_usb_vcp.o(.bss)
    .bss                                     0x20000828   Section       22  tm_stm32f4_gpio.o(.bss)
    GPIO_UsedPins                            0x20000828   Data          22  tm_stm32f4_gpio.o(.bss)
    .bss                                     0x2000083e   Section     2112  usbd_cdc_core.o(.bss)
    .bss                                     0x2000107e   Section      255  usbd_req.o(.bss)
    HEAP                                     0x20001180   Section      512  startup_stm32f40_41xxx.o(HEAP)
    STACK                                    0x20001380   Section     1024  startup_stm32f40_41xxx.o(STACK)

    Global Symbols

    Symbol Name                              Value     Ov Type        Size  Object(Section)

    BuildAttributes$$THM_ISAv4$E$P$D$K$B$S$7EM$VFPi3$EXTD16$VFPS$VFMA$PE$A:L22UL41UL21$X:L11$S22US41US21$IEEE1$IW$USESV6$~STKCKD$USESV7$~SHL$OSPACE$EBA8$MICROLIB$REQ8$PRES8$EABIv2 0x00000000   Number         0  anon$$obj.o ABSOLUTE
    __ARM_use_no_argv                        0x00000000   Number         0  main.o ABSOLUTE
    TM_DELAY_1msHandler                       - Undefined Weak Reference
    __cpp_initialize__aeabi_                  - Undefined Weak Reference
    __cxa_finalize                            - Undefined Weak Reference
    _clock_init                               - Undefined Weak Reference
    _microlib_exit                            - Undefined Weak Reference
    __Vectors_Size                           0x00000188   Number         0  startup_stm32f40_41xxx.o ABSOLUTE
    __Vectors                                0x08000000   Data           4  startup_stm32f40_41xxx.o(RESET)
    __Vectors_End                            0x08000188   Data           0  startup_stm32f40_41xxx.o(RESET)
    __main                                   0x08000189   Thumb Code     0  entry.o(.ARM.Collect$$$$00000000)
    _main_stk                                0x08000189   Thumb Code     0  entry2.o(.ARM.Collect$$$$00000001)
    _main_scatterload                        0x0800018d   Thumb Code     0  entry5.o(.ARM.Collect$$$$00000004)
    __main_after_scatterload                 0x08000191   Thumb Code     0  entry5.o(.ARM.Collect$$$$00000004)
    _main_clock                              0x08000191   Thumb Code     0  entry7b.o(.ARM.Collect$$$$00000008)
    _main_cpp_init                           0x08000191   Thumb Code     0  entry8b.o(.ARM.Collect$$$$0000000A)
    _main_init                               0x08000191   Thumb Code     0  entry9a.o(.ARM.Collect$$$$0000000B)
    __rt_final_cpp                           0x08000199   Thumb Code     0  entry10a.o(.ARM.Collect$$$$0000000D)
    __rt_final_exit                          0x08000199   Thumb Code     0  entry11a.o(.ARM.Collect$$$$0000000F)
    Reset_Handler                            0x0800019d   Thumb Code     8  startup_stm32f40_41xxx.o(.text)
    ADC_IRQHandler                           0x080001b7   Thumb Code     0  startup_stm32f40_41xxx.o(.text)
    CAN1_RX0_IRQHandler                      0x080001b7   Thumb Code     0  startup_stm32f40_41xxx.o(.text)
    CAN1_RX1_IRQHandler                      0x080001b7   Thumb Code     0  startup_stm32f40_41xxx.o(.text)
    CAN1_SCE_IRQHandler                      0x080001b7   Thumb Code     0  startup_stm32f40_41xxx.o(.text)
    CAN1_TX_IRQHandler                       0x080001b7   Thumb Code     0  startup_stm32f40_41xxx.o(.text)
    CAN2_RX0_IRQHandler                      0x080001b7   Thumb Code     0  startup_stm32f40_41xxx.o(.text)
    CAN2_RX1_IRQHandler                      0x080001b7   Thumb Code     0  startup_stm32f40_41xxx.o(.text)
    CAN2_SCE_IRQHandler                      0x080001b7   Thumb Code     0  startup_stm32f40_41xxx.o(.text)
    CAN2_TX_IRQHandler                       0x080001b7   Thumb Code     0  startup_stm32f40_41xxx.o(.text)
    CRYP_IRQHandler                          0x080001b7   Thumb Code     0  startup_stm32f40_41xxx.o(.text)
    DCMI_IRQHandler                          0x080001b7   Thumb Code     0  startup_stm32f40_41xxx.o(.text)
    DMA1_Stream0_IRQHandler                  0x080001b7   Thumb Code     0  startup_stm32f40_41xxx.o(.text)
    DMA1_Stream1_IRQHandler                  0x080001b7   Thumb Code     0  startup_stm32f40_41xxx.o(.text)
    DMA1_Stream2_IRQHandler                  0x080001b7   Thumb Code     0  startup_stm32f40_41xxx.o(.text)
    DMA1_Stream3_IRQHandler                  0x080001b7   Thumb Code     0  startup_stm32f40_41xxx.o(.text)
    DMA1_Stream4_IRQHandler                  0x080001b7   Thumb Code     0  startup_stm32f40_41xxx.o(.text)
    DMA1_Stream5_IRQHandler                  0x080001b7   Thumb Code     0  startup_stm32f40_41xxx.o(.text)
    DMA1_Stream6_IRQHandler                  0x080001b7   Thumb Code     0  startup_stm32f40_41xxx.o(.text)
    DMA1_Stream7_IRQHandler                  0x080001b7   Thumb Code     0  startup_stm32f40_41xxx.o(.text)
    DMA2_Stream0_IRQHandler                  0x080001b7   Thumb Code     0  startup_stm32f40_41xxx.o(.text)
    DMA2_Stream1_IRQHandler                  0x080001b7   Thumb Code     0  startup_stm32f40_41xxx.o(.text)
    DMA2_Stream2_IRQHandler                  0x080001b7   Thumb Code     0  startup_stm32f40_41xxx.o(.text)
    DMA2_Stream3_IRQHandler                  0x080001b7   Thumb Code     0  startup_stm32f40_41xxx.o(.text)
    DMA2_Stream4_IRQHandler                  0x080001b7   Thumb Code     0  startup_stm32f40_41xxx.o(.text)
    DMA2_Stream5_IRQHandler                  0x080001b7   Thumb Code     0  startup_stm32f40_41xxx.o(.text)
    DMA2_Stream6_IRQHandler                  0x080001b7   Thumb Code     0  startup_stm32f40_41xxx.o(.text)
    DMA2_Stream7_IRQHandler                  0x080001b7   Thumb Code     0  startup_stm32f40_41xxx.o(.text)
    ETH_IRQHandler                           0x080001b7   Thumb Code     0  startup_stm32f40_41xxx.o(.text)
    ETH_WKUP_IRQHandler                      0x080001b7   Thumb Code     0  startup_stm32f40_41xxx.o(.text)
    EXTI0_IRQHandler                         0x080001b7   Thumb Code     0  startup_stm32f40_41xxx.o(.text)
    EXTI15_10_IRQHandler                     0x080001b7   Thumb Code     0  startup_stm32f40_41xxx.o(.text)
    EXTI1_IRQHandler                         0x080001b7   Thumb Code     0  startup_stm32f40_41xxx.o(.text)
    EXTI2_IRQHandler                         0x080001b7   Thumb Code     0  startup_stm32f40_41xxx.o(.text)
    EXTI3_IRQHandler                         0x080001b7   Thumb Code     0  startup_stm32f40_41xxx.o(.text)
    EXTI4_IRQHandler                         0x080001b7   Thumb Code     0  startup_stm32f40_41xxx.o(.text)
    EXTI9_5_IRQHandler                       0x080001b7   Thumb Code     0  startup_stm32f40_41xxx.o(.text)
    FLASH_IRQHandler                         0x080001b7   Thumb Code     0  startup_stm32f40_41xxx.o(.text)
    FPU_IRQHandler                           0x080001b7   Thumb Code     0  startup_stm32f40_41xxx.o(.text)
    FSMC_IRQHandler                          0x080001b7   Thumb Code     0  startup_stm32f40_41xxx.o(.text)
    HASH_RNG_IRQHandler                      0x080001b7   Thumb Code     0  startup_stm32f40_41xxx.o(.text)
    I2C1_ER_IRQHandler                       0x080001b7   Thumb Code     0  startup_stm32f40_41xxx.o(.text)
    I2C1_EV_IRQHandler                       0x080001b7   Thumb Code     0  startup_stm32f40_41xxx.o(.text)
    I2C2_ER_IRQHandler                       0x080001b7   Thumb Code     0  startup_stm32f40_41xxx.o(.text)
    I2C2_EV_IRQHandler                       0x080001b7   Thumb Code     0  startup_stm32f40_41xxx.o(.text)
    I2C3_ER_IRQHandler                       0x080001b7   Thumb Code     0  startup_stm32f40_41xxx.o(.text)
    I2C3_EV_IRQHandler                       0x080001b7   Thumb Code     0  startup_stm32f40_41xxx.o(.text)
    OTG_HS_EP1_IN_IRQHandler                 0x080001b7   Thumb Code     0  startup_stm32f40_41xxx.o(.text)
    OTG_HS_EP1_OUT_IRQHandler                0x080001b7   Thumb Code     0  startup_stm32f40_41xxx.o(.text)
    OTG_HS_IRQHandler                        0x080001b7   Thumb Code     0  startup_stm32f40_41xxx.o(.text)
    OTG_HS_WKUP_IRQHandler                   0x080001b7   Thumb Code     0  startup_stm32f40_41xxx.o(.text)
    PVD_IRQHandler                           0x080001b7   Thumb Code     0  startup_stm32f40_41xxx.o(.text)
    RCC_IRQHandler                           0x080001b7   Thumb Code     0  startup_stm32f40_41xxx.o(.text)
    RTC_Alarm_IRQHandler                     0x080001b7   Thumb Code     0  startup_stm32f40_41xxx.o(.text)
    RTC_WKUP_IRQHandler                      0x080001b7   Thumb Code     0  startup_stm32f40_41xxx.o(.text)
    SDIO_IRQHandler                          0x080001b7   Thumb Code     0  startup_stm32f40_41xxx.o(.text)
    SPI1_IRQHandler                          0x080001b7   Thumb Code     0  startup_stm32f40_41xxx.o(.text)
    SPI2_IRQHandler                          0x080001b7   Thumb Code     0  startup_stm32f40_41xxx.o(.text)
    SPI3_IRQHandler                          0x080001b7   Thumb Code     0  startup_stm32f40_41xxx.o(.text)
    TAMP_STAMP_IRQHandler                    0x080001b7   Thumb Code     0  startup_stm32f40_41xxx.o(.text)
    TIM1_BRK_TIM9_IRQHandler                 0x080001b7   Thumb Code     0  startup_stm32f40_41xxx.o(.text)
    TIM1_CC_IRQHandler                       0x080001b7   Thumb Code     0  startup_stm32f40_41xxx.o(.text)
    TIM1_TRG_COM_TIM11_IRQHandler            0x080001b7   Thumb Code     0  startup_stm32f40_41xxx.o(.text)
    TIM1_UP_TIM10_IRQHandler                 0x080001b7   Thumb Code     0  startup_stm32f40_41xxx.o(.text)
    TIM2_IRQHandler                          0x080001b7   Thumb Code     0  startup_stm32f40_41xxx.o(.text)
    TIM3_IRQHandler                          0x080001b7   Thumb Code     0  startup_stm32f40_41xxx.o(.text)
    TIM4_IRQHandler                          0x080001b7   Thumb Code     0  startup_stm32f40_41xxx.o(.text)
    TIM5_IRQHandler                          0x080001b7   Thumb Code     0  startup_stm32f40_41xxx.o(.text)
    TIM6_DAC_IRQHandler                      0x080001b7   Thumb Code     0  startup_stm32f40_41xxx.o(.text)
    TIM7_IRQHandler                          0x080001b7   Thumb Code     0  startup_stm32f40_41xxx.o(.text)
    TIM8_BRK_TIM12_IRQHandler                0x080001b7   Thumb Code     0  startup_stm32f40_41xxx.o(.text)
    TIM8_CC_IRQHandler                       0x080001b7   Thumb Code     0  startup_stm32f40_41xxx.o(.text)
    TIM8_TRG_COM_TIM14_IRQHandler            0x080001b7   Thumb Code     0  startup_stm32f40_41xxx.o(.text)
    TIM8_UP_TIM13_IRQHandler                 0x080001b7   Thumb Code     0  startup_stm32f40_41xxx.o(.text)
    UART4_IRQHandler                         0x080001b7   Thumb Code     0  startup_stm32f40_41xxx.o(.text)
    UART5_IRQHandler                         0x080001b7   Thumb Code     0  startup_stm32f40_41xxx.o(.text)
    USART1_IRQHandler                        0x080001b7   Thumb Code     0  startup_stm32f40_41xxx.o(.text)
    USART2_IRQHandler                        0x080001b7   Thumb Code     0  startup_stm32f40_41xxx.o(.text)
    USART3_IRQHandler                        0x080001b7   Thumb Code     0  startup_stm32f40_41xxx.o(.text)
    USART6_IRQHandler                        0x080001b7   Thumb Code     0  startup_stm32f40_41xxx.o(.text)
    WWDG_IRQHandler                          0x080001b7   Thumb Code     0  startup_stm32f40_41xxx.o(.text)
    NVIC_PriorityGroupConfig                 0x080001c1   Thumb Code    10  misc.o(.text)
    NVIC_Init                                0x080001cb   Thumb Code    96  misc.o(.text)
    NVIC_SetVectorTable                      0x0800022b   Thumb Code    14  misc.o(.text)
    NVIC_SystemLPConfig                      0x08000239   Thumb Code    20  misc.o(.text)
    SysTick_CLKSourceConfig                  0x0800024d   Thumb Code    24  misc.o(.text)
    RCC_DeInit                               0x08000271   Thumb Code    68  stm32f4xx_rcc.o(.text)
    RCC_HSEConfig                            0x080002b5   Thumb Code    12  stm32f4xx_rcc.o(.text)
    RCC_GetFlagStatus                        0x080002c1   Thumb Code    46  stm32f4xx_rcc.o(.text)
    RCC_WaitForHSEStartUp                    0x080002ef   Thumb Code    44  stm32f4xx_rcc.o(.text)
    RCC_AdjustHSICalibrationValue            0x0800031b   Thumb Code    16  stm32f4xx_rcc.o(.text)
    RCC_HSICmd                               0x0800032b   Thumb Code     6  stm32f4xx_rcc.o(.text)
    RCC_LSEConfig                            0x08000331   Thumb Code    24  stm32f4xx_rcc.o(.text)
    RCC_LSICmd                               0x08000349   Thumb Code     6  stm32f4xx_rcc.o(.text)
    RCC_PLLConfig                            0x0800034f   Thumb Code    32  stm32f4xx_rcc.o(.text)
    RCC_PLLCmd                               0x0800036f   Thumb Code     6  stm32f4xx_rcc.o(.text)
    RCC_PLLI2SConfig                         0x08000375   Thumb Code    14  stm32f4xx_rcc.o(.text)
    RCC_PLLI2SCmd                            0x08000383   Thumb Code     6  stm32f4xx_rcc.o(.text)
    RCC_PLLSAIConfig                         0x08000389   Thumb Code    18  stm32f4xx_rcc.o(.text)
    RCC_PLLSAICmd                            0x0800039b   Thumb Code     6  stm32f4xx_rcc.o(.text)
    RCC_ClockSecuritySystemCmd               0x080003a1   Thumb Code     6  stm32f4xx_rcc.o(.text)
    RCC_MCO1Config                           0x080003a7   Thumb Code    18  stm32f4xx_rcc.o(.text)
    RCC_MCO2Config                           0x080003b9   Thumb Code    18  stm32f4xx_rcc.o(.text)
    RCC_SYSCLKConfig                         0x080003cb   Thumb Code    16  stm32f4xx_rcc.o(.text)
    RCC_GetSYSCLKSource                      0x080003db   Thumb Code    12  stm32f4xx_rcc.o(.text)
    RCC_HCLKConfig                           0x080003e7   Thumb Code    16  stm32f4xx_rcc.o(.text)
    RCC_PCLK1Config                          0x080003f7   Thumb Code    16  stm32f4xx_rcc.o(.text)
    RCC_PCLK2Config                          0x08000407   Thumb Code    18  stm32f4xx_rcc.o(.text)
    RCC_GetClocksFreq                        0x08000419   Thumb Code   134  stm32f4xx_rcc.o(.text)
    RCC_RTCCLKConfig                         0x0800049f   Thumb Code    42  stm32f4xx_rcc.o(.text)
    RCC_RTCCLKCmd                            0x080004c9   Thumb Code     8  stm32f4xx_rcc.o(.text)
    RCC_BackupResetCmd                       0x080004d1   Thumb Code     8  stm32f4xx_rcc.o(.text)
    RCC_I2SCLKConfig                         0x080004d9   Thumb Code     8  stm32f4xx_rcc.o(.text)
    RCC_SAIBlockACLKConfig                   0x080004e1   Thumb Code    16  stm32f4xx_rcc.o(.text)
    RCC_SAIBlockBCLKConfig                   0x080004f1   Thumb Code    16  stm32f4xx_rcc.o(.text)
    RCC_SAIPLLI2SClkDivConfig                0x08000501   Thumb Code    18  stm32f4xx_rcc.o(.text)
    RCC_SAIPLLSAIClkDivConfig                0x08000513   Thumb Code    24  stm32f4xx_rcc.o(.text)
    RCC_LTDCCLKDivConfig                     0x0800052b   Thumb Code    16  stm32f4xx_rcc.o(.text)
    RCC_TIMCLKPresConfig                     0x0800053b   Thumb Code     8  stm32f4xx_rcc.o(.text)
    RCC_AHB1PeriphClockCmd                   0x08000543   Thumb Code    20  stm32f4xx_rcc.o(.text)
    RCC_AHB2PeriphClockCmd                   0x08000557   Thumb Code    20  stm32f4xx_rcc.o(.text)
    RCC_AHB3PeriphClockCmd                   0x0800056b   Thumb Code    20  stm32f4xx_rcc.o(.text)
    RCC_APB1PeriphClockCmd                   0x0800057f   Thumb Code    20  stm32f4xx_rcc.o(.text)
    RCC_APB2PeriphClockCmd                   0x08000593   Thumb Code    20  stm32f4xx_rcc.o(.text)
    RCC_AHB1PeriphResetCmd                   0x080005a7   Thumb Code    20  stm32f4xx_rcc.o(.text)
    RCC_AHB2PeriphResetCmd                   0x080005bb   Thumb Code    20  stm32f4xx_rcc.o(.text)
    RCC_AHB3PeriphResetCmd                   0x080005cf   Thumb Code    20  stm32f4xx_rcc.o(.text)
    RCC_APB1PeriphResetCmd                   0x080005e3   Thumb Code    20  stm32f4xx_rcc.o(.text)
    RCC_APB2PeriphResetCmd                   0x080005f7   Thumb Code    20  stm32f4xx_rcc.o(.text)
    RCC_AHB1PeriphClockLPModeCmd             0x0800060b   Thumb Code    20  stm32f4xx_rcc.o(.text)
    RCC_AHB2PeriphClockLPModeCmd             0x0800061f   Thumb Code    20  stm32f4xx_rcc.o(.text)
    RCC_AHB3PeriphClockLPModeCmd             0x08000633   Thumb Code    20  stm32f4xx_rcc.o(.text)
    RCC_APB1PeriphClockLPModeCmd             0x08000647   Thumb Code    68  stm32f4xx_rcc.o(.text)
    RCC_APB2PeriphClockLPModeCmd             0x0800068b   Thumb Code    18  stm32f4xx_rcc.o(.text)
    RCC_LSEModeConfig                        0x0800069d   Thumb Code    24  stm32f4xx_rcc.o(.text)
    RCC_ITConfig                             0x080006b5   Thumb Code    20  stm32f4xx_rcc.o(.text)
    RCC_ClearFlag                            0x080006c9   Thumb Code    14  stm32f4xx_rcc.o(.text)
    RCC_GetITStatus                          0x080006d7   Thumb Code    18  stm32f4xx_rcc.o(.text)
    RCC_ClearITPendingBit                    0x080006e9   Thumb Code     8  stm32f4xx_rcc.o(.text)
    GPIO_DeInit                              0x080006f5   Thumb Code   216  stm32f4xx_gpio.o(.text)
    GPIO_Init                                0x080007cd   Thumb Code   120  stm32f4xx_gpio.o(.text)
    GPIO_StructInit                          0x08000845   Thumb Code    18  stm32f4xx_gpio.o(.text)
    GPIO_PinLockConfig                       0x08000857   Thumb Code    24  stm32f4xx_gpio.o(.text)
    GPIO_ReadInputDataBit                    0x0800086f   Thumb Code    14  stm32f4xx_gpio.o(.text)
    GPIO_ReadInputData                       0x0800087d   Thumb Code     6  stm32f4xx_gpio.o(.text)
    GPIO_ReadOutputDataBit                   0x08000883   Thumb Code    14  stm32f4xx_gpio.o(.text)
    GPIO_ReadOutputData                      0x08000891   Thumb Code     6  stm32f4xx_gpio.o(.text)
    GPIO_SetBits                             0x08000897   Thumb Code     4  stm32f4xx_gpio.o(.text)
    GPIO_ResetBits                           0x0800089b   Thumb Code     4  stm32f4xx_gpio.o(.text)
    GPIO_WriteBit                            0x0800089f   Thumb Code    10  stm32f4xx_gpio.o(.text)
    GPIO_Write                               0x080008a9   Thumb Code     4  stm32f4xx_gpio.o(.text)
    GPIO_ToggleBits                          0x080008ad   Thumb Code     8  stm32f4xx_gpio.o(.text)
    GPIO_PinAFConfig                         0x080008b5   Thumb Code    32  stm32f4xx_gpio.o(.text)
    EXTI_DeInit                              0x08000901   Thumb Code    28  stm32f4xx_exti.o(.text)
    EXTI_Init                                0x0800091d   Thumb Code   108  stm32f4xx_exti.o(.text)
    EXTI_StructInit                          0x08000989   Thumb Code    14  stm32f4xx_exti.o(.text)
    EXTI_GenerateSWInterrupt                 0x08000997   Thumb Code    12  stm32f4xx_exti.o(.text)
    EXTI_GetFlagStatus                       0x080009a3   Thumb Code    18  stm32f4xx_exti.o(.text)
    EXTI_ClearFlag                           0x080009b5   Thumb Code     8  stm32f4xx_exti.o(.text)
    EXTI_GetITStatus                         0x080009bd   Thumb Code    18  stm32f4xx_exti.o(.text)
    EXTI_ClearITPendingBit                   0x080009cf   Thumb Code     8  stm32f4xx_exti.o(.text)
    TimingDelay_Decrement                    0x080009e1   Thumb Code    88  tm_stm32f4_delay.o(.text)
    TM_DELAY_Init                            0x08000a39   Thumb Code    60  tm_stm32f4_delay.o(.text)
    TM_DELAY_EnableDelayTimer                0x08000a75   Thumb Code    22  tm_stm32f4_delay.o(.text)
    TM_DELAY_DisableDelayTimer               0x08000a8b   Thumb Code    14  tm_stm32f4_delay.o(.text)
    TM_DELAY_TimerCreate                     0x08000a99   Thumb Code    68  tm_stm32f4_delay.o(.text)
    TM_DELAY_TimerDelete                     0x08000add   Thumb Code    86  tm_stm32f4_delay.o(.text)
    TM_DELAY_TimerStop                       0x08000b33   Thumb Code     6  tm_stm32f4_delay.o(.text)
    TM_DELAY_TimerStart                      0x08000b39   Thumb Code     6  tm_stm32f4_delay.o(.text)
    TM_DELAY_TimerReset                      0x08000b3f   Thumb Code     6  tm_stm32f4_delay.o(.text)
    TM_DELAY_TimerAutoReload                 0x08000b45   Thumb Code     4  tm_stm32f4_delay.o(.text)
    TM_DELAY_TimerAutoReloadValue            0x08000b49   Thumb Code     4  tm_stm32f4_delay.o(.text)
    TM_DISCO_LedInit                         0x08000b61   Thumb Code    34  tm_stm32f4_disco.o(.text)
    TM_DISCO_ButtonInit                      0x08000b83   Thumb Code    24  tm_stm32f4_disco.o(.text)
    TM_DISCO_ButtonOnPressed                 0x08000b9b   Thumb Code    30  tm_stm32f4_disco.o(.text)
    TM_DISCO_ButtonOnReleased                0x08000bb9   Thumb Code    32  tm_stm32f4_disco.o(.text)
    TM_USB_VCP_Init                          0x08000be5   Thumb Code    36  tm_stm32f4_usb_vcp.o(.text)
    TM_USB_VCP_BufferEmpty                   0x08000c09   Thumb Code    14  tm_stm32f4_usb_vcp.o(.text)
    TM_USB_VCP_BufferFull                    0x08000c17   Thumb Code    16  tm_stm32f4_usb_vcp.o(.text)
    TM_USB_VCP_FindCharacter                 0x08000c27   Thumb Code    54  tm_stm32f4_usb_vcp.o(.text)
    TM_USB_VCP_Getc                          0x08000c5d   Thumb Code    52  tm_stm32f4_usb_vcp.o(.text)
    TM_USB_VCP_Putc                          0x08000c91   Thumb Code    24  tm_stm32f4_usb_vcp.o(.text)
    TM_USB_VCP_Puts                          0x08000ca9   Thumb Code    20  tm_stm32f4_usb_vcp.o(.text)
    TM_USB_VCP_Send                          0x08000cbd   Thumb Code    10  tm_stm32f4_usb_vcp.o(.text)
    TM_USB_VCP_Gets                          0x08000cc7   Thumb Code    72  tm_stm32f4_usb_vcp.o(.text)
    TM_INT_USB_VCP_AddReceived               0x08000d0f   Thumb Code    42  tm_stm32f4_usb_vcp.o(.text)
    TM_USB_VCP_GetStatus                     0x08000d39   Thumb Code    16  tm_stm32f4_usb_vcp.o(.text)
    TM_USB_VCP_GetSettings                   0x08000d49   Thumb Code    28  tm_stm32f4_usb_vcp.o(.text)
    TM_GPIO_GetPortSource                    0x08000d81   Thumb Code    10  tm_stm32f4_gpio.o(.text)
    TM_GPIO_INT_Init                         0x08000d8b   Thumb Code   130  tm_stm32f4_gpio.o(.text)
    TM_GPIO_INT_EnableClock                  0x08000e0d   Thumb Code    20  tm_stm32f4_gpio.o(.text)
    TM_GPIO_Init                             0x08000e21   Thumb Code    34  tm_stm32f4_gpio.o(.text)
    TM_GPIO_InitAlternate                    0x08000e43   Thumb Code    92  tm_stm32f4_gpio.o(.text)
    TM_GPIO_DeInit                           0x08000e9f   Thumb Code    66  tm_stm32f4_gpio.o(.text)
    TM_GPIO_SetPinAsInput                    0x08000ee1   Thumb Code    38  tm_stm32f4_gpio.o(.text)
    TM_GPIO_SetPinAsOutput                   0x08000f07   Thumb Code    46  tm_stm32f4_gpio.o(.text)
    TM_GPIO_SetPinAsAnalog                   0x08000f35   Thumb Code    38  tm_stm32f4_gpio.o(.text)
    TM_GPIO_SetPinAsAlternate                0x08000f5b   Thumb Code    48  tm_stm32f4_gpio.o(.text)
    TM_GPIO_SetPullResistor                  0x08000f8b   Thumb Code    46  tm_stm32f4_gpio.o(.text)
    TM_GPIO_Lock                             0x08000fb9   Thumb Code    16  tm_stm32f4_gpio.o(.text)
    TM_GPIO_GetPinSource                     0x08000fc9   Thumb Code    18  tm_stm32f4_gpio.o(.text)
    TM_GPIO_INT_DisableClock                 0x08000fdb   Thumb Code    20  tm_stm32f4_gpio.o(.text)
    TM_GPIO_GetUsedPins                      0x08000fef   Thumb Code    14  tm_stm32f4_gpio.o(.text)
    TM_GPIO_GetFreePins                      0x08000ffd   Thumb Code    18  tm_stm32f4_gpio.o(.text)
    main                                     0x0800101d   Thumb Code    64  main.o(.text)
    NMI_Handler                              0x08001061   Thumb Code     2  stm32f4xx_it.o(.text)
    HardFault_Handler                        0x08001063   Thumb Code     2  stm32f4xx_it.o(.text)
    MemManage_Handler                        0x08001065   Thumb Code     2  stm32f4xx_it.o(.text)
    BusFault_Handler                         0x08001067   Thumb Code     2  stm32f4xx_it.o(.text)
    UsageFault_Handler                       0x08001069   Thumb Code     2  stm32f4xx_it.o(.text)
    SVC_Handler                              0x0800106b   Thumb Code     2  stm32f4xx_it.o(.text)
    DebugMon_Handler                         0x0800106d   Thumb Code     2  stm32f4xx_it.o(.text)
    PendSV_Handler                           0x0800106f   Thumb Code     2  stm32f4xx_it.o(.text)
    SysTick_Handler                          0x08001073   Thumb Code     8  stm32f4xx_it.o(.text)
    SystemInit                               0x0800111f   Thumb Code    74  system_stm32f4xx.o(.text)
    SystemCoreClockUpdate                    0x08001169   Thumb Code   108  system_stm32f4xx.o(.text)
    USB_OTG_BSP_Init                         0x080011fd   Thumb Code   154  usb_bsp.o(.text)
    USB_OTG_BSP_EnableInterrupt              0x08001297   Thumb Code    40  usb_bsp.o(.text)
    USB_OTG_BSP_uDelay                       0x080012bf   Thumb Code    22  usb_bsp.o(.text)
    USB_OTG_BSP_mDelay                       0x080012d5   Thumb Code     8  usb_bsp.o(.text)
    OTG_FS_WKUP_IRQHandler                   0x080012dd   Thumb Code     8  usb_bsp.o(.text)
    OTG_FS_IRQHandler                        0x080012e5   Thumb Code     6  usb_bsp.o(.text)
    USB_OTG_WritePacket                      0x08001349   Thumb Code    40  usb_core.o(.text)
    USB_OTG_ReadPacket                       0x08001371   Thumb Code    32  usb_core.o(.text)
    USB_OTG_SelectCore                       0x08001391   Thumb Code   188  usb_core.o(.text)
    USB_OTG_CoreInit                         0x0800144d   Thumb Code   128  usb_core.o(.text)
    USB_OTG_EnableGlobalInt                  0x080014cd   Thumb Code    16  usb_core.o(.text)
    USB_OTG_DisableGlobalInt                 0x080014dd   Thumb Code    16  usb_core.o(.text)
    USB_OTG_FlushTxFifo                      0x080014ed   Thumb Code    62  usb_core.o(.text)
    USB_OTG_FlushRxFifo                      0x0800152b   Thumb Code    54  usb_core.o(.text)
    USB_OTG_SetCurrentMode                   0x08001561   Thumb Code    42  usb_core.o(.text)
    USB_OTG_GetMode                          0x0800158b   Thumb Code    10  usb_core.o(.text)
    USB_OTG_IsDeviceMode                     0x08001595   Thumb Code    18  usb_core.o(.text)
    USB_OTG_IsHostMode                       0x080015a7   Thumb Code    14  usb_core.o(.text)
    USB_OTG_ReadCoreItr                      0x080015b5   Thumb Code    10  usb_core.o(.text)
    USB_OTG_ReadOtgItr                       0x080015bf   Thumb Code     6  usb_core.o(.text)
    USB_OTG_InitDevSpeed                     0x080015c5   Thumb Code    12  usb_core.o(.text)
    USB_OTG_EnableDevInt                     0x080015d1   Thumb Code    66  usb_core.o(.text)
    USB_OTG_CoreInitDev                      0x08001613   Thumb Code   312  usb_core.o(.text)
    USB_OTG_GetDeviceSpeed                   0x0800174b   Thumb Code    38  usb_core.o(.text)
    USB_OTG_EP0Activate                      0x08001771   Thumb Code    58  usb_core.o(.text)
    USB_OTG_EPActivate                       0x080017ab   Thumb Code    82  usb_core.o(.text)
    USB_OTG_EPDeactivate                     0x080017fd   Thumb Code    52  usb_core.o(.text)
    USB_OTG_EPStartXfer                      0x08001831   Thumb Code   298  usb_core.o(.text)
    USB_OTG_EP0StartXfer                     0x0800195b   Thumb Code   184  usb_core.o(.text)
    USB_OTG_EPSetStall                       0x08001a13   Thumb Code    48  usb_core.o(.text)
    USB_OTG_EPClearStall                     0x08001a43   Thumb Code    50  usb_core.o(.text)
    USB_OTG_ReadDevAllOutEp_itr              0x08001a75   Thumb Code    12  usb_core.o(.text)
    USB_OTG_ReadDevOutEP_itr                 0x08001a81   Thumb Code    16  usb_core.o(.text)
    USB_OTG_ReadDevAllInEPItr                0x08001a91   Thumb Code    12  usb_core.o(.text)
    USB_OTG_EP0_OutStart                     0x08001a9d   Thumb Code    32  usb_core.o(.text)
    USB_OTG_ActiveRemoteWakeup               0x08001abd   Thumb Code    66  usb_core.o(.text)
    USB_OTG_UngateClock                      0x08001aff   Thumb Code    30  usb_core.o(.text)
    USB_OTG_StopDevice                       0x08001b1d   Thumb Code    72  usb_core.o(.text)
    USB_OTG_GetEPStatus                      0x08001b65   Thumb Code    66  usb_core.o(.text)
    USB_OTG_SetEPStatus                      0x08001ba7   Thumb Code   106  usb_core.o(.text)
    DCD_Init                                 0x08001c15   Thumb Code   146  usb_dcd.o(.text)
    DCD_EP_Open                              0x08001ca7   Thumb Code    60  usb_dcd.o(.text)
    DCD_EP_Close                             0x08001ce3   Thumb Code    44  usb_dcd.o(.text)
    DCD_EP_PrepareRx                         0x08001d0f   Thumb Code    68  usb_dcd.o(.text)
    DCD_EP_Tx                                0x08001d53   Thumb Code    62  usb_dcd.o(.text)
    DCD_EP_Stall                             0x08001d91   Thumb Code    56  usb_dcd.o(.text)
    DCD_EP_ClrStall                          0x08001dc9   Thumb Code    56  usb_dcd.o(.text)
    DCD_EP_Flush                             0x08001e01   Thumb Code    24  usb_dcd.o(.text)
    DCD_EP_SetAddress                        0x08001e19   Thumb Code    16  usb_dcd.o(.text)
    DCD_DevConnect                           0x08001e29   Thumb Code    16  usb_dcd.o(.text)
    DCD_DevDisconnect                        0x08001e39   Thumb Code    16  usb_dcd.o(.text)
    DCD_GetEPStatus                          0x08001e49   Thumb Code    38  usb_dcd.o(.text)
    DCD_SetEPStatus                          0x08001e6f   Thumb Code    38  usb_dcd.o(.text)
    USBD_OTG_ISR_Handler                     0x08001f5b   Thumb Code   326  usb_dcd_int.o(.text)
    VCP_DataTx                               0x080025b7   Thumb Code    42  usbd_cdc_vcp.o(.text)
    VCP_DataRx                               0x080025e1   Thumb Code    26  usbd_cdc_vcp.o(.text)
    USBD_DeInit                              0x08002609   Thumb Code     4  usbd_core.o(.text)
    USBD_Init                                0x0800260d   Thumb Code    52  usbd_core.o(.text)
    USBD_SetCfg                              0x08002819   Thumb Code    26  usbd_core.o(.text)
    USBD_ClrCfg                              0x08002833   Thumb Code    14  usbd_core.o(.text)
    USBD_USR_DeviceDescriptor                0x08002861   Thumb Code     8  usbd_desc.o(.text)
    USBD_USR_LangIDStrDescriptor             0x08002869   Thumb Code    10  usbd_desc.o(.text)
    USBD_USR_ProductStrDescriptor            0x08002873   Thumb Code    16  usbd_desc.o(.text)
    USBD_USR_ManufacturerStrDescriptor       0x08002883   Thumb Code    16  usbd_desc.o(.text)
    USBD_USR_SerialStrDescriptor             0x08002893   Thumb Code    16  usbd_desc.o(.text)
    USBD_USR_ConfigStrDescriptor             0x080028a3   Thumb Code    16  usbd_desc.o(.text)
    USBD_USR_InterfaceStrDescriptor          0x080028b3   Thumb Code    16  usbd_desc.o(.text)
    USBD_CtlSendData                         0x08002931   Thumb Code    32  usbd_ioreq.o(.text)
    USBD_CtlContinueSendData                 0x08002951   Thumb Code    18  usbd_ioreq.o(.text)
    USBD_CtlPrepareRx                        0x08002963   Thumb Code    32  usbd_ioreq.o(.text)
    USBD_CtlContinueRx                       0x08002983   Thumb Code    18  usbd_ioreq.o(.text)
    USBD_CtlSendStatus                       0x08002995   Thumb Code    34  usbd_ioreq.o(.text)
    USBD_CtlReceiveStatus                    0x080029b7   Thumb Code    34  usbd_ioreq.o(.text)
    USBD_GetRxCount                          0x080029d9   Thumb Code    16  usbd_ioreq.o(.text)
    USBD_CtlError                            0x080029e9   Thumb Code    28  usbd_req.o(.text)
    USBD_StdDevReq                           0x08002b41   Thumb Code   236  usbd_req.o(.text)
    USBD_StdItfReq                           0x08002c2d   Thumb Code    54  usbd_req.o(.text)
    USBD_StdEPReq                            0x08002c63   Thumb Code   208  usbd_req.o(.text)
    USBD_ParseSetupRequest                   0x08002d33   Thumb Code    68  usbd_req.o(.text)
    USBD_GetString                           0x08002d77   Thumb Code    70  usbd_req.o(.text)
    USBD_USR_Init                            0x08002e3d   Thumb Code     8  usbd_usr.o(.text)
    USBD_USR_DeviceReset                     0x08002e45   Thumb Code     8  usbd_usr.o(.text)
    USBD_USR_DeviceConfigured                0x08002e4d   Thumb Code     8  usbd_usr.o(.text)
    USBD_USR_DeviceSuspended                 0x08002e55   Thumb Code     8  usbd_usr.o(.text)
    USBD_USR_DeviceResumed                   0x08002e5d   Thumb Code     8  usbd_usr.o(.text)
    USBD_USR_DeviceConnected                 0x08002e65   Thumb Code     8  usbd_usr.o(.text)
    USBD_USR_DeviceDisconnected              0x08002e6d   Thumb Code     8  usbd_usr.o(.text)
    USBD_User_GetStatus                      0x08002e75   Thumb Code     6  usbd_usr.o(.text)
    __scatterload                            0x08002e81   Thumb Code    28  init.o(.text)
    __scatterload_rt2                        0x08002e81   Thumb Code     0  init.o(.text)
    __decompress                             0x08002ea5   Thumb Code     0  __dczerorl2.o(.text)
    __decompress1                            0x08002ea5   Thumb Code    86  __dczerorl2.o(.text)
    __scatterload_copy                       0x08002efb   Thumb Code    14  handlers.o(i.__scatterload_copy)
    __scatterload_null                       0x08002f09   Thumb Code     2  handlers.o(i.__scatterload_null)
    __scatterload_zeroinit                   0x08002f0b   Thumb Code    14  handlers.o(i.__scatterload_zeroinit)
    free                                     0x08002f19   Thumb Code    76  malloc.o(i.free)
    malloc                                   0x08002f69   Thumb Code    92  malloc.o(i.malloc)
    Region$$Table$$Base                      0x08002fd4   Number         0  anon$$obj.o(Region$$Table)
    Region$$Table$$Limit                     0x08002ff4   Number         0  anon$$obj.o(Region$$Table)
    TM_DELAY_Initialized                     0x20000010   Data           1  tm_stm32f4_delay.o(.data)
    TM_Time                                  0x20000014   Data           4  tm_stm32f4_delay.o(.data)
    TM_Time2                                 0x20000018   Data           4  tm_stm32f4_delay.o(.data)
    mult                                     0x2000001c   Data           4  tm_stm32f4_delay.o(.data)
    TM_USB_VCP_INT_Init                      0x20000024   Data           1  tm_stm32f4_usb_vcp.o(.data)
    tm_int_usb_vcp_buf_in                    0x20000028   Data           4  tm_stm32f4_usb_vcp.o(.data)
    tm_int_usb_vcp_buf_out                   0x2000002c   Data           4  tm_stm32f4_usb_vcp.o(.data)
    tm_int_usb_vcp_buf_num                   0x20000030   Data           4  tm_stm32f4_usb_vcp.o(.data)
    SystemCoreClock                          0x20000034   Data           4  system_stm32f4xx.o(.data)
    AHBPrescTable                            0x20000038   Data          16  system_stm32f4xx.o(.data)
    USB_Tx_State                             0x20000048   Data           1  usbd_cdc_core.o(.data)
    APP_Rx_ptr_in                            0x20000050   Data           4  usbd_cdc_core.o(.data)
    APP_Rx_ptr_out                           0x20000054   Data           4  usbd_cdc_core.o(.data)
    APP_Rx_length                            0x20000058   Data           4  usbd_cdc_core.o(.data)
    CmdBuff                                  0x20000068   Data           8  usbd_cdc_core.o(.data)
    usbd_cdc_CfgDesc                         0x20000070   Data          67  usbd_cdc_core.o(.data)
    USBD_CDC_cb                              0x200000b4   Data          44  usbd_cdc_core.o(.data)
    linecoding                               0x200000e0   Data           8  usbd_cdc_vcp.o(.data)
    VCP_fops                                 0x200000e8   Data          20  usbd_cdc_vcp.o(.data)
    USBD_DCD_INT_cb                          0x200000fc   Data          44  usbd_core.o(.data)
    USBD_DCD_INT_fops                        0x20000128   Data           4  usbd_core.o(.data)
    SET_TEST_MODE                            0x2000012c   Data           4  usbd_core.o(.data)
    USR_desc                                 0x20000130   Data          28  usbd_desc.o(.data)
    USBD_LangIDDesc                          0x2000014c   Data           4  usbd_desc.o(.data)
    USBD_DeviceDesc                          0x20000150   Data          18  usbd_desc.o(.data)
    USBD_ep_status                           0x20000168   Data           4  usbd_req.o(.data)
    USBD_default_cfg                         0x2000016c   Data           4  usbd_req.o(.data)
    USBD_cfg_status                          0x20000170   Data           4  usbd_req.o(.data)
    TM_USB_VCP_INT_Status                    0x20000174   Data           1  usbd_usr.o(.data)
    USR_cb                                   0x20000178   Data          28  usbd_usr.o(.data)
    __microlib_freelist                      0x20000194   Data           4  mvars.o(.data)
    __microlib_freelist_initialised          0x20000198   Data           4  mvars.o(.data)
    TM_INT_USB_VCP_ReceiveBuffer             0x200001b4   Data         128  tm_stm32f4_usb_vcp.o(.bss)
    USB_OTG_dev                              0x20000234   Data        1524  tm_stm32f4_usb_vcp.o(.bss)
    USB_Rx_Buffer                            0x2000083e   Data          64  usbd_cdc_core.o(.bss)
    APP_Rx_Buffer                            0x2000087e   Data        2048  usbd_cdc_core.o(.bss)
    USBD_StrDesc                             0x2000107e   Data         255  usbd_req.o(.bss)
    __heap_base                              0x20001180   Data           0  startup_stm32f40_41xxx.o(HEAP)
    __heap_limit                             0x20001380   Data           0  startup_stm32f40_41xxx.o(HEAP)
    __initial_sp                             0x20001780   Data           0  startup_stm32f40_41xxx.o(STACK)



==============================================================================

Memory Map of the image

  Image Entry point : 0x08000189

  Load Region LR_IROM1 (Base: 0x08000000, Size: 0x00003190, Max: 0x00100000, ABSOLUTE, COMPRESSED[0x000030e0])

    Execution Region ER_IROM1 (Base: 0x08000000, Size: 0x00002ff4, Max: 0x00100000, ABSOLUTE)

    Base Addr    Size         Type   Attr      Idx    E Section Name        Object

    0x08000000   0x00000188   Data   RO            3    RESET               startup_stm32f40_41xxx.o
    0x08000188   0x00000000   Code   RO          118  * .ARM.Collect$$$$00000000  mc_w.l(entry.o)
    0x08000188   0x00000004   Code   RO          135    .ARM.Collect$$$$00000001  mc_w.l(entry2.o)
    0x0800018c   0x00000004   Code   RO          138    .ARM.Collect$$$$00000004  mc_w.l(entry5.o)
    0x08000190   0x00000000   Code   RO          140    .ARM.Collect$$$$00000008  mc_w.l(entry7b.o)
    0x08000190   0x00000000   Code   RO          142    .ARM.Collect$$$$0000000A  mc_w.l(entry8b.o)
    0x08000190   0x00000008   Code   RO          143    .ARM.Collect$$$$0000000B  mc_w.l(entry9a.o)
    0x08000198   0x00000000   Code   RO          145    .ARM.Collect$$$$0000000D  mc_w.l(entry10a.o)
    0x08000198   0x00000000   Code   RO          147    .ARM.Collect$$$$0000000F  mc_w.l(entry11a.o)
    0x08000198   0x00000004   Code   RO          136    .ARM.Collect$$$$00002712  mc_w.l(entry2.o)
    0x0800019c   0x00000024   Code   RO            4    .text               startup_stm32f40_41xxx.o
    0x080001c0   0x000000b0   Code   RO            8    .text               misc.o
    0x08000270   0x00000484   Code   RO           12    .text               stm32f4xx_rcc.o
    0x080006f4   0x0000020c   Code   RO           17    .text               stm32f4xx_gpio.o
    0x08000900   0x000000e0   Code   RO           21    .text               stm32f4xx_exti.o
    0x080009e0   0x00000180   Code   RO           25    .text               tm_stm32f4_delay.o
    0x08000b60   0x00000084   Code   RO           32    .text               tm_stm32f4_disco.o
    0x08000be4   0x0000019c   Code   RO           37    .text               tm_stm32f4_usb_vcp.o
    0x08000d80   0x0000029c   Code   RO           43    .text               tm_stm32f4_gpio.o
    0x0800101c   0x00000044   Code   RO           48    .text               main.o
    0x08001060   0x0000001a   Code   RO           52    .text               stm32f4xx_it.o
    0x0800107a   0x00000002   PAD
    0x0800107c   0x00000180   Code   RO           56    .text               system_stm32f4xx.o
    0x080011fc   0x000000f8   Code   RO           61    .text               usb_bsp.o
    0x080012f4   0x00000920   Code   RO           65    .text               usb_core.o
    0x08001c14   0x00000280   Code   RO           69    .text               usb_dcd.o
    0x08001e94   0x0000048c   Code   RO           73    .text               usb_dcd_int.o
    0x08002320   0x0000023c   Code   RO           77    .text               usbd_cdc_core.o
    0x0800255c   0x000000ac   Code   RO           85    .text               usbd_cdc_vcp.o
    0x08002608   0x00000258   Code   RO           91    .text               usbd_core.o
    0x08002860   0x000000d0   Code   RO           98    .text               usbd_desc.o
    0x08002930   0x000000b8   Code   RO          105    .text               usbd_ioreq.o
    0x080029e8   0x00000454   Code   RO          109    .text               usbd_req.o
    0x08002e3c   0x00000044   Code   RO          115    .text               usbd_usr.o
    0x08002e80   0x00000024   Code   RO          153    .text               mc_w.l(init.o)
    0x08002ea4   0x00000056   Code   RO          159    .text               mc_w.l(__dczerorl2.o)
    0x08002efa   0x0000000e   Code   RO          156    i.__scatterload_copy  mc_w.l(handlers.o)
    0x08002f08   0x00000002   Code   RO          157    i.__scatterload_null  mc_w.l(handlers.o)
    0x08002f0a   0x0000000e   Code   RO          158    i.__scatterload_zeroinit  mc_w.l(handlers.o)
    0x08002f18   0x00000050   Code   RO          121    i.free              mc_w.l(malloc.o)
    0x08002f68   0x0000006c   Code   RO          122    i.malloc            mc_w.l(malloc.o)
    0x08002fd4   0x00000020   Data   RO          154    Region$$Table       anon$$obj.o


    Execution Region RW_IRAM1 (Base: 0x20000000, Size: 0x00001780, Max: 0x00020000, ABSOLUTE, COMPRESSED[0x000000ec])

    Base Addr    Size         Type   Attr      Idx    E Section Name        Object

    0x20000000   0x00000010   Data   RW           13    .data               stm32f4xx_rcc.o
    0x20000010   0x00000010   Data   RW           28    .data               tm_stm32f4_delay.o
    0x20000020   0x00000001   Data   RW           33    .data               tm_stm32f4_disco.o
    0x20000021   0x00000003   PAD
    0x20000024   0x00000010   Data   RW           39    .data               tm_stm32f4_usb_vcp.o
    0x20000034   0x00000014   Data   RW           57    .data               system_stm32f4xx.o
    0x20000048   0x0000006b   Data   RW           80    .data               usbd_cdc_core.o
    0x200000b3   0x00000001   PAD
    0x200000b4   0x0000002c   Data   RW           81    .data               usbd_cdc_core.o
    0x200000e0   0x00000008   Data   RW           86    .data               usbd_cdc_vcp.o
    0x200000e8   0x00000014   Data   RW           87    .data               usbd_cdc_vcp.o
    0x200000fc   0x0000002c   Data   RW           92    .data               usbd_core.o
    0x20000128   0x00000004   Data   RW           93    .data               usbd_core.o
    0x2000012c   0x00000004   Data   RW           94    .data               usbd_core.o
    0x20000130   0x0000001c   Data   RW           99    .data               usbd_desc.o
    0x2000014c   0x00000016   Data   RW          100    .data               usbd_desc.o
    0x20000162   0x00000002   PAD
    0x20000164   0x00000010   Data   RW          111    .data               usbd_req.o
    0x20000174   0x00000001   Data   RW          116    .data               usbd_usr.o
    0x20000175   0x00000003   PAD
    0x20000178   0x0000001c   Data   RW          117    .data               usbd_usr.o
    0x20000194   0x00000004   Data   RW          151    .data               mc_w.l(mvars.o)
    0x20000198   0x00000004   Data   RW          152    .data               mc_w.l(mvars.o)
    0x2000019c   0x00000018   Zero   RW           26    .bss                tm_stm32f4_delay.o
    0x200001b4   0x00000674   Zero   RW           38    .bss                tm_stm32f4_usb_vcp.o
    0x20000828   0x00000016   Zero   RW           44    .bss                tm_stm32f4_gpio.o
    0x2000083e   0x00000840   Zero   RW           79    .bss                usbd_cdc_core.o
    0x2000107e   0x000000ff   Zero   RW          110    .bss                usbd_req.o
    0x2000117d   0x00000003   PAD
    0x20001180   0x00000200   Zero   RW            2    HEAP                startup_stm32f40_41xxx.o
    0x20001380   0x00000400   Zero   RW            1    STACK               startup_stm32f40_41xxx.o


==============================================================================

Image component sizes


      Code (inc. data)   RO Data    RW Data    ZI Data      Debug   Object Name

        68          4          0          0          0          0   main.o
       176         12          0          0          0          0   misc.o
        36          8        392          0       1536          0   startup_stm32f40_41xxx.o
       224         10          0          0          0          0   stm32f4xx_exti.o
       524         44          0          0          0          0   stm32f4xx_gpio.o
        26          0          0          0          0          0   stm32f4xx_it.o
      1156         52          0         16          0          0   stm32f4xx_rcc.o
       384         40          0         20          0          0   system_stm32f4xx.o
       384         20          0         16         24          0   tm_stm32f4_delay.o
       132         12          0          1          0          0   tm_stm32f4_disco.o
       668         14          0          0         22          0   tm_stm32f4_gpio.o
       412         28          0         16       1652          0   tm_stm32f4_usb_vcp.o
       248         10          0          0          0          0   usb_bsp.o
      2336         18          0          0          0          0   usb_core.o
       640          0          0          0          0          0   usb_dcd.o
      1164         16          0          0          0          0   usb_dcd_int.o
       572         16          0        151       2112          0   usbd_cdc_core.o
       172         14          0         28          0          0   usbd_cdc_vcp.o
       600          4          0         52          0          0   usbd_core.o
       208        110          0         50          0          0   usbd_desc.o
       184          0          0          0          0          0   usbd_ioreq.o
      1108         36          0         16        255          0   usbd_req.o
        68          6          0         29          0          0   usbd_usr.o

    ----------------------------------------------------------------------
     11492        474        424        404       5604          0   Object Totals
         0          0         32          0          0          0   (incl. Generated)
         2          0          0          9          3          0   (incl. Padding)

    ----------------------------------------------------------------------

      Code (inc. data)   RO Data    RW Data    ZI Data      Debug   Library Member Name

        86          0          0          0          0          0   __dczerorl2.o
         0          0          0          0          0          0   entry.o
         0          0          0          0          0          0   entry10a.o
         0          0          0          0          0          0   entry11a.o
         8          4          0          0          0          0   entry2.o
         4          0          0          0          0          0   entry5.o
         0          0          0          0          0          0   entry7b.o
         0          0          0          0          0          0   entry8b.o
         8          4          0          0          0          0   entry9a.o
        30          0          0          0          0          0   handlers.o
        36          8          0          0          0          0   init.o
       188         20          0          0          0          0   malloc.o
         0          0          0          8          0          0   mvars.o

    ----------------------------------------------------------------------
       360         36          0          8          0          0   Library Totals
         0          0          0          0          0          0   (incl. Padding)

    ----------------------------------------------------------------------

      Code (inc. data)   RO Data    RW Data    ZI Data      Debug   Library Name

       360         36          0          8          0          0   mc_w.l

    ----------------------------------------------------------------------
       360         36          0          8          0          0   Library Totals

    ----------------------------------------------------------------------

==============================================================================


      Code (inc. data)   RO Data    RW Data    ZI Data      Debug   

     11852        510        424        412       5604          0   Grand Totals
     11852        510        424        236       5604          0   ELF Image Totals (compressed)
     11852        510        424        236          0          0   ROM Totals

==============================================================================

    Total RO  Size (Code + RO Data)                12276 (  11.99kB)
    Total RW  Size (RW Data + ZI Data)              6016 (   5.88kB)
    Total ROM Size (Code + RO Data + RW Data)      12512 (  12.22kB)

==============================================================================

