Component: ARM Compiler 5.06 update 4 (build 422) Tool: armlink [4d35d2]

==============================================================================

Section Cross References

    startup_stm32f40_41xxx.o(RESET) refers to startup_stm32f40_41xxx.o(STACK) for __initial_sp
    startup_stm32f40_41xxx.o(RESET) refers to startup_stm32f40_41xxx.o(.text) for Reset_Handler
    startup_stm32f40_41xxx.o(RESET) refers to stm32f4xx_it.o(.text) for NMI_Handler
    startup_stm32f40_41xxx.o(RESET) refers to usb_bsp.o(.text) for OTG_FS_WKUP_IRQHandler
    startup_stm32f40_41xxx.o(.text) refers to system_stm32f4xx.o(.text) for SystemInit
    startup_stm32f40_41xxx.o(.text) refers to entry.o(.ARM.Collect$$$$00000000) for __main
    stm32f4xx_rcc.o(.text) refers to stm32f4xx_rcc.o(.data) for .data
    stm32f4xx_gpio.o(.text) refers to stm32f4xx_rcc.o(.text) for RCC_AHB1PeriphResetCmd
    stm32f4xx_adc.o(.text) refers to stm32f4xx_rcc.o(.text) for RCC_APB2PeriphResetCmd
    stm32f4xx_dac.o(.text) refers to stm32f4xx_rcc.o(.text) for RCC_APB1PeriphResetCmd
    tm_stm32f4_delay.o(.text) refers to malloc.o(i.malloc) for malloc
    tm_stm32f4_delay.o(.text) refers to malloc.o(i.free) for free
    tm_stm32f4_delay.o(.text) refers to tm_stm32f4_delay.o(.data) for .data
    tm_stm32f4_delay.o(.text) refers to tm_stm32f4_delay.o(.bss) for .bss
    tm_stm32f4_delay.o(.text) refers to system_stm32f4xx.o(.data) for SystemCoreClock
    tm_stm32f4_disco.o(.text) refers to tm_stm32f4_gpio.o(.text) for TM_GPIO_Init
    tm_stm32f4_disco.o(.text) refers to tm_stm32f4_disco.o(.data) for .data
    tm_stm32f4_usb_vcp.o(.text) refers to usbd_core.o(.text) for USBD_Init
    tm_stm32f4_usb_vcp.o(.text) refers to usbd_cdc_vcp.o(.text) for VCP_DataTx
    tm_stm32f4_usb_vcp.o(.text) refers to usbd_usr.o(.data) for USR_cb
    tm_stm32f4_usb_vcp.o(.text) refers to usbd_cdc_core.o(.data) for USBD_CDC_cb
    tm_stm32f4_usb_vcp.o(.text) refers to usbd_desc.o(.data) for USR_desc
    tm_stm32f4_usb_vcp.o(.text) refers to tm_stm32f4_usb_vcp.o(.bss) for .bss
    tm_stm32f4_usb_vcp.o(.text) refers to tm_stm32f4_usb_vcp.o(.data) for .data
    tm_stm32f4_usb_vcp.o(.text) refers to usbd_usr.o(.data) for TM_USB_VCP_INT_Status
    tm_stm32f4_usb_vcp.o(.text) refers to usbd_cdc_vcp.o(.data) for linecoding
    tm_stm32f4_gpio.o(.text) refers to tm_stm32f4_gpio.o(.bss) for .bss
    tm_stm32f4_adc.o(.text) refers to stm32f4xx_adc.o(.text) for ADC_CommonInit
    tm_stm32f4_adc.o(.text) refers to tm_stm32f4_gpio.o(.text) for TM_GPIO_Init
    tm_stm32f4_dac.o(.text) refers to tm_stm32f4_gpio.o(.text) for TM_GPIO_Init
    tm_stm32f4_dac.o(.text) refers to stm32f4xx_dac.o(.text) for DAC_Init
    main.o(.text) refers to tm_stm32f4_adc.o(.text) for TM_ADC_Read
    main.o(.text) refers to tm_stm32f4_usb_vcp.o(.text) for TM_USB_VCP_Send
    main.o(.text) refers to system_stm32f4xx.o(.text) for SystemInit
    main.o(.text) refers to tm_stm32f4_delay.o(.text) for TM_DELAY_Init
    main.o(.text) refers to tm_stm32f4_dac.o(.text) for TM_DAC_Init
    main.o(.text) refers to tm_stm32f4_disco.o(.text) for TM_DISCO_LedInit
    main.o(.text) refers to tm_stm32f4_delay.o(.data) for TM_Time
    main.o(.text) refers to main.o(.constdata) for .constdata
    main.o(.text) refers to main.o(.data) for .data
    stm32f4xx_it.o(.text) refers to tm_stm32f4_delay.o(.text) for TimingDelay_Decrement
    system_stm32f4xx.o(.text) refers to system_stm32f4xx.o(.data) for .data
    usb_bsp.o(.text) refers to stm32f4xx_rcc.o(.text) for RCC_AHB1PeriphClockCmd
    usb_bsp.o(.text) refers to stm32f4xx_gpio.o(.text) for GPIO_Init
    usb_bsp.o(.text) refers to misc.o(.text) for NVIC_PriorityGroupConfig
    usb_bsp.o(.text) refers to stm32f4xx_exti.o(.text) for EXTI_ClearITPendingBit
    usb_bsp.o(.text) refers to usb_dcd_int.o(.text) for USBD_OTG_ISR_Handler
    usb_bsp.o(.text) refers to tm_stm32f4_usb_vcp.o(.bss) for USB_OTG_dev
    usb_core.o(.text) refers to usb_bsp.o(.text) for USB_OTG_BSP_uDelay
    usb_dcd.o(.text) refers to usb_core.o(.text) for USB_OTG_SelectCore
    usb_dcd.o(.text) refers to usb_bsp.o(.text) for USB_OTG_BSP_mDelay
    usb_dcd_int.o(.text) refers to usb_core.o(.text) for USB_OTG_ReadDevAllInEPItr
    usb_dcd_int.o(.text) refers to usbd_core.o(.data) for USBD_DCD_INT_fops
    usbd_cdc_core.o(.text) refers to usb_dcd.o(.text) for DCD_EP_Open
    usbd_cdc_core.o(.text) refers to usbd_req.o(.text) for USBD_CtlError
    usbd_cdc_core.o(.text) refers to usbd_ioreq.o(.text) for USBD_CtlPrepareRx
    usbd_cdc_core.o(.text) refers to usbd_desc.o(.data) for USBD_DeviceDesc
    usbd_cdc_core.o(.text) refers to usbd_cdc_vcp.o(.data) for VCP_fops
    usbd_cdc_core.o(.text) refers to usbd_cdc_core.o(.bss) for .bss
    usbd_cdc_core.o(.text) refers to usbd_cdc_core.o(.data) for .data
    usbd_cdc_core.o(.data) refers to usbd_cdc_core.o(.text) for usbd_cdc_Init
    usbd_cdc_vcp.o(.text) refers to tm_stm32f4_usb_vcp.o(.text) for TM_INT_USB_VCP_AddReceived
    usbd_cdc_vcp.o(.text) refers to usbd_cdc_vcp.o(.data) for .data
    usbd_cdc_vcp.o(.text) refers to usbd_cdc_core.o(.data) for APP_Rx_ptr_in
    usbd_cdc_vcp.o(.text) refers to usbd_cdc_core.o(.bss) for APP_Rx_Buffer
    usbd_cdc_vcp.o(.data) refers to usbd_cdc_vcp.o(.text) for VCP_Init
    usbd_core.o(.text) refers to usb_bsp.o(.text) for USB_OTG_BSP_Init
    usbd_core.o(.text) refers to usb_dcd.o(.text) for DCD_Init
    usbd_core.o(.text) refers to usbd_req.o(.text) for USBD_ParseSetupRequest
    usbd_core.o(.text) refers to usbd_ioreq.o(.text) for USBD_CtlContinueRx
    usbd_core.o(.text) refers to usbd_core.o(.data) for .data
    usbd_core.o(.data) refers to usbd_core.o(.text) for USBD_DataOutStage
    usbd_core.o(.data) refers to usbd_core.o(.data) for USBD_DCD_INT_cb
    usbd_desc.o(.text) refers to usbd_req.o(.text) for USBD_GetString
    usbd_desc.o(.text) refers to usbd_desc.o(.data) for .data
    usbd_desc.o(.text) refers to usbd_req.o(.bss) for USBD_StrDesc
    usbd_desc.o(.data) refers to usbd_desc.o(.text) for USBD_USR_DeviceDescriptor
    usbd_ioreq.o(.text) refers to usb_dcd.o(.text) for DCD_EP_Tx
    usbd_ioreq.o(.text) refers to usb_core.o(.text) for USB_OTG_EP0_OutStart
    usbd_req.o(.text) refers to usb_dcd.o(.text) for DCD_EP_Stall
    usbd_req.o(.text) refers to usb_core.o(.text) for USB_OTG_EP0_OutStart
    usbd_req.o(.text) refers to usbd_core.o(.text) for USBD_ClrCfg
    usbd_req.o(.text) refers to usbd_ioreq.o(.text) for USBD_CtlSendStatus
    usbd_req.o(.text) refers to usbd_req.o(.data) for .data
    usbd_req.o(.text) refers to usbd_core.o(.data) for SET_TEST_MODE
    usbd_usr.o(.text) refers to usbd_usr.o(.data) for .data
    usbd_usr.o(.data) refers to usbd_usr.o(.text) for USBD_USR_Init
    entry.o(.ARM.Collect$$$$00000000) refers (Special) to entry10a.o(.ARM.Collect$$$$0000000D) for __rt_final_cpp
    entry.o(.ARM.Collect$$$$00000000) refers (Special) to entry11a.o(.ARM.Collect$$$$0000000F) for __rt_final_exit
    entry.o(.ARM.Collect$$$$00000000) refers (Special) to entry7b.o(.ARM.Collect$$$$00000008) for _main_clock
    entry.o(.ARM.Collect$$$$00000000) refers (Special) to entry8b.o(.ARM.Collect$$$$0000000A) for _main_cpp_init
    entry.o(.ARM.Collect$$$$00000000) refers (Special) to entry9a.o(.ARM.Collect$$$$0000000B) for _main_init
    entry.o(.ARM.Collect$$$$00000000) refers (Special) to entry5.o(.ARM.Collect$$$$00000004) for _main_scatterload
    entry.o(.ARM.Collect$$$$00000000) refers (Special) to entry2.o(.ARM.Collect$$$$00000001) for _main_stk
    malloc.o(i.free) refers to mvars.o(.data) for __microlib_freelist
    malloc.o(i.malloc) refers to mvars.o(.data) for __microlib_freelist_initialised
    malloc.o(i.malloc) refers to mvars.o(.data) for __microlib_freelist
    malloc.o(i.malloc) refers to startup_stm32f40_41xxx.o(HEAP) for __heap_base
    mallocr.o(i.__free$realloc) refers to mvars.o(.data) for __microlib_freelist
    mallocr.o(i.__malloc$realloc) refers to mallocr.o(i.internal_alloc) for internal_alloc
    mallocr.o(i.__malloc$realloc) refers to mvars.o(.data) for __microlib_freelist_initialised
    mallocr.o(i.__malloc$realloc) refers to startup_stm32f40_41xxx.o(HEAP) for __heap_base
    mallocr.o(i.__malloc$realloc) refers to mvars.o(.data) for __microlib_freelist
    mallocr.o(i.internal_alloc) refers to memcpya.o(.text) for __aeabi_memcpy
    mallocr.o(i.internal_alloc) refers to mvars.o(.data) for __microlib_freelist
    mallocr.o(i.realloc) refers to mallocr.o(i.__free$realloc) for __free$realloc
    mallocr.o(i.realloc) refers to mallocr.o(i.internal_alloc) for internal_alloc
    mallocr.o(i.realloc) refers to mallocr.o(i.__malloc$realloc) for __malloc$realloc
    mallocr.o(i.realloc) refers to mvars.o(.data) for __microlib_freelist
    malloca.o(i.__aligned_malloc) refers to mvars.o(.data) for __microlib_freelist_initialised
    malloca.o(i.__aligned_malloc) refers to mvars.o(.data) for __microlib_freelist
    malloca.o(i.__aligned_malloc) refers to startup_stm32f40_41xxx.o(HEAP) for __heap_base
    malloca.o(i.__free$memalign) refers to mvars.o(.data) for __microlib_freelist
    malloca.o(i.__malloc$memalign) refers to malloca.o(i.__aligned_malloc) for __aligned_malloc
    mallocra.o(i.__aligned_malloc$realloc) refers to mallocra.o(i.internal_alloc) for internal_alloc
    mallocra.o(i.__aligned_malloc$realloc) refers to mvars.o(.data) for __microlib_freelist_initialised
    mallocra.o(i.__aligned_malloc$realloc) refers to startup_stm32f40_41xxx.o(HEAP) for __heap_base
    mallocra.o(i.__aligned_malloc$realloc) refers to mvars.o(.data) for __microlib_freelist
    mallocra.o(i.__free$realloc$memalign) refers to mvars.o(.data) for __microlib_freelist
    mallocra.o(i.__malloc$realloc$memalign) refers to mallocra.o(i.__aligned_malloc$realloc) for __aligned_malloc$realloc
    mallocra.o(i.__realloc$memalign) refers to mallocra.o(i.__free$realloc$memalign) for __free$realloc$memalign
    mallocra.o(i.__realloc$memalign) refers to mallocra.o(i.internal_alloc) for internal_alloc
    mallocra.o(i.__realloc$memalign) refers to mallocra.o(i.__malloc$realloc$memalign) for __malloc$realloc$memalign
    mallocra.o(i.__realloc$memalign) refers to mvars.o(.data) for __microlib_freelist
    mallocra.o(i.internal_alloc) refers to memcpya.o(.text) for __aeabi_memcpy
    mallocra.o(i.internal_alloc) refers to mvars.o(.data) for __microlib_freelist
    entry2.o(.ARM.Collect$$$$00000001) refers to entry2.o(.ARM.Collect$$$$00002712) for __lit__00000000
    entry2.o(.ARM.Collect$$$$00002712) refers to startup_stm32f40_41xxx.o(STACK) for __initial_sp
    entry2.o(__vectab_stack_and_reset_area) refers to startup_stm32f40_41xxx.o(STACK) for __initial_sp
    entry2.o(__vectab_stack_and_reset_area) refers to entry.o(.ARM.Collect$$$$00000000) for __main
    entry5.o(.ARM.Collect$$$$00000004) refers to init.o(.text) for __scatterload
    entry9a.o(.ARM.Collect$$$$0000000B) refers to main.o(.text) for main
    entry9b.o(.ARM.Collect$$$$0000000C) refers to main.o(.text) for main
    init.o(.text) refers to entry5.o(.ARM.Collect$$$$00000004) for __main_after_scatterload


==============================================================================

Removing Unused input sections from the image.

    Removing misc.o(.rev16_text), (4 bytes).
    Removing misc.o(.revsh_text), (4 bytes).
    Removing misc.o(.rrx_text), (6 bytes).
    Removing stm32f4xx_rcc.o(.rev16_text), (4 bytes).
    Removing stm32f4xx_rcc.o(.revsh_text), (4 bytes).
    Removing stm32f4xx_rcc.o(.rrx_text), (6 bytes).
    Removing stm32f4xx_gpio.o(.rev16_text), (4 bytes).
    Removing stm32f4xx_gpio.o(.revsh_text), (4 bytes).
    Removing stm32f4xx_gpio.o(.rrx_text), (6 bytes).
    Removing stm32f4xx_exti.o(.rev16_text), (4 bytes).
    Removing stm32f4xx_exti.o(.revsh_text), (4 bytes).
    Removing stm32f4xx_exti.o(.rrx_text), (6 bytes).
    Removing stm32f4xx_adc.o(.rev16_text), (4 bytes).
    Removing stm32f4xx_adc.o(.revsh_text), (4 bytes).
    Removing stm32f4xx_adc.o(.rrx_text), (6 bytes).
    Removing stm32f4xx_dac.o(.rev16_text), (4 bytes).
    Removing stm32f4xx_dac.o(.revsh_text), (4 bytes).
    Removing stm32f4xx_dac.o(.rrx_text), (6 bytes).
    Removing tm_stm32f4_delay.o(.rev16_text), (4 bytes).
    Removing tm_stm32f4_delay.o(.revsh_text), (4 bytes).
    Removing tm_stm32f4_delay.o(.rrx_text), (6 bytes).
    Removing tm_stm32f4_delay.o(.data), (4 bytes).
    Removing tm_stm32f4_disco.o(.rev16_text), (4 bytes).
    Removing tm_stm32f4_disco.o(.revsh_text), (4 bytes).
    Removing tm_stm32f4_disco.o(.rrx_text), (6 bytes).
    Removing tm_stm32f4_usb_vcp.o(.rev16_text), (4 bytes).
    Removing tm_stm32f4_usb_vcp.o(.revsh_text), (4 bytes).
    Removing tm_stm32f4_usb_vcp.o(.rrx_text), (6 bytes).
    Removing tm_stm32f4_gpio.o(.rev16_text), (4 bytes).
    Removing tm_stm32f4_gpio.o(.revsh_text), (4 bytes).
    Removing tm_stm32f4_gpio.o(.rrx_text), (6 bytes).
    Removing tm_stm32f4_adc.o(.rev16_text), (4 bytes).
    Removing tm_stm32f4_adc.o(.revsh_text), (4 bytes).
    Removing tm_stm32f4_adc.o(.rrx_text), (6 bytes).
    Removing tm_stm32f4_dac.o(.rev16_text), (4 bytes).
    Removing tm_stm32f4_dac.o(.revsh_text), (4 bytes).
    Removing tm_stm32f4_dac.o(.rrx_text), (6 bytes).
    Removing main.o(.rev16_text), (4 bytes).
    Removing main.o(.revsh_text), (4 bytes).
    Removing main.o(.rrx_text), (6 bytes).
    Removing main.o(.constdata), (1 bytes).
    Removing stm32f4xx_it.o(.rev16_text), (4 bytes).
    Removing stm32f4xx_it.o(.revsh_text), (4 bytes).
    Removing stm32f4xx_it.o(.rrx_text), (6 bytes).
    Removing system_stm32f4xx.o(.rev16_text), (4 bytes).
    Removing system_stm32f4xx.o(.revsh_text), (4 bytes).
    Removing system_stm32f4xx.o(.rrx_text), (6 bytes).
    Removing usb_bsp.o(.rev16_text), (4 bytes).
    Removing usb_bsp.o(.revsh_text), (4 bytes).
    Removing usb_bsp.o(.rrx_text), (6 bytes).
    Removing usb_core.o(.rev16_text), (4 bytes).
    Removing usb_core.o(.revsh_text), (4 bytes).
    Removing usb_core.o(.rrx_text), (6 bytes).
    Removing usb_dcd.o(.rev16_text), (4 bytes).
    Removing usb_dcd.o(.revsh_text), (4 bytes).
    Removing usb_dcd.o(.rrx_text), (6 bytes).
    Removing usb_dcd_int.o(.rev16_text), (4 bytes).
    Removing usb_dcd_int.o(.revsh_text), (4 bytes).
    Removing usb_dcd_int.o(.rrx_text), (6 bytes).
    Removing usbd_cdc_core.o(.rev16_text), (4 bytes).
    Removing usbd_cdc_core.o(.revsh_text), (4 bytes).
    Removing usbd_cdc_core.o(.rrx_text), (6 bytes).
    Removing usbd_cdc_core.o(.bss), (67 bytes).
    Removing usbd_cdc_vcp.o(.rev16_text), (4 bytes).
    Removing usbd_cdc_vcp.o(.revsh_text), (4 bytes).
    Removing usbd_cdc_vcp.o(.rrx_text), (6 bytes).
    Removing usbd_core.o(.rev16_text), (4 bytes).
    Removing usbd_core.o(.revsh_text), (4 bytes).
    Removing usbd_core.o(.rrx_text), (6 bytes).
    Removing usbd_desc.o(.rev16_text), (4 bytes).
    Removing usbd_desc.o(.revsh_text), (4 bytes).
    Removing usbd_desc.o(.rrx_text), (6 bytes).
    Removing usbd_desc.o(.data), (10 bytes).
    Removing usbd_ioreq.o(.rev16_text), (4 bytes).
    Removing usbd_ioreq.o(.revsh_text), (4 bytes).
    Removing usbd_ioreq.o(.rrx_text), (6 bytes).
    Removing usbd_req.o(.rev16_text), (4 bytes).
    Removing usbd_req.o(.revsh_text), (4 bytes).
    Removing usbd_req.o(.rrx_text), (6 bytes).
    Removing usbd_usr.o(.rev16_text), (4 bytes).
    Removing usbd_usr.o(.revsh_text), (4 bytes).
    Removing usbd_usr.o(.rrx_text), (6 bytes).

82 unused section(s) (total 446 bytes) removed from the image.

==============================================================================

Image Symbol Table

    Local Symbols

    Symbol Name                              Value     Ov Type        Size  Object(Section)

    ../clib/../cmprslib/zerorunl2.c          0x00000000   Number         0  __dczerorl2.o ABSOLUTE
    ../clib/microlib/init/entry.s            0x00000000   Number         0  entry8a.o ABSOLUTE
    ../clib/microlib/init/entry.s            0x00000000   Number         0  entry10b.o ABSOLUTE
    ../clib/microlib/init/entry.s            0x00000000   Number         0  entry9b.o ABSOLUTE
    ../clib/microlib/init/entry.s            0x00000000   Number         0  entry10a.o ABSOLUTE
    ../clib/microlib/init/entry.s            0x00000000   Number         0  entry9a.o ABSOLUTE
    ../clib/microlib/init/entry.s            0x00000000   Number         0  entry8b.o ABSOLUTE
    ../clib/microlib/init/entry.s            0x00000000   Number         0  entry11b.o ABSOLUTE
    ../clib/microlib/init/entry.s            0x00000000   Number         0  entry2.o ABSOLUTE
    ../clib/microlib/init/entry.s            0x00000000   Number         0  entry7b.o ABSOLUTE
    ../clib/microlib/init/entry.s            0x00000000   Number         0  entry11a.o ABSOLUTE
    ../clib/microlib/init/entry.s            0x00000000   Number         0  entry7a.o ABSOLUTE
    ../clib/microlib/init/entry.s            0x00000000   Number         0  entry5.o ABSOLUTE
    ../clib/microlib/init/entry.s            0x00000000   Number         0  entry.o ABSOLUTE
    ../clib/microlib/malloc/malloc.c         0x00000000   Number         0  mallocra.o ABSOLUTE
    ../clib/microlib/malloc/malloc.c         0x00000000   Number         0  malloca.o ABSOLUTE
    ../clib/microlib/malloc/malloc.c         0x00000000   Number         0  mallocr.o ABSOLUTE
    ../clib/microlib/malloc/malloc.c         0x00000000   Number         0  malloc.o ABSOLUTE
    ../clib/microlib/malloc/mvars.c          0x00000000   Number         0  mvars.o ABSOLUTE
    ../clib/microlib/string/memcpy.c         0x00000000   Number         0  memcpyb.o ABSOLUTE
    ../clib/microlib/string/memcpy.c         0x00000000   Number         0  memcpya.o ABSOLUTE
    ..\00-STM32F429_LIBRARIES\tm_stm32f4_adc.c 0x00000000   Number         0  tm_stm32f4_adc.o ABSOLUTE
    ..\00-STM32F429_LIBRARIES\tm_stm32f4_dac.c 0x00000000   Number         0  tm_stm32f4_dac.o ABSOLUTE
    ..\00-STM32F429_LIBRARIES\tm_stm32f4_delay.c 0x00000000   Number         0  tm_stm32f4_delay.o ABSOLUTE
    ..\00-STM32F429_LIBRARIES\tm_stm32f4_disco.c 0x00000000   Number         0  tm_stm32f4_disco.o ABSOLUTE
    ..\00-STM32F429_LIBRARIES\tm_stm32f4_gpio.c 0x00000000   Number         0  tm_stm32f4_gpio.o ABSOLUTE
    ..\00-STM32F429_LIBRARIES\tm_stm32f4_usb_vcp.c 0x00000000   Number         0  tm_stm32f4_usb_vcp.o ABSOLUTE
    ..\00-STM32F429_LIBRARIES\usb_cdc_device\usb_bsp.c 0x00000000   Number         0  usb_bsp.o ABSOLUTE
    ..\00-STM32F429_LIBRARIES\usb_cdc_device\usb_core.c 0x00000000   Number         0  usb_core.o ABSOLUTE
    ..\00-STM32F429_LIBRARIES\usb_cdc_device\usb_dcd.c 0x00000000   Number         0  usb_dcd.o ABSOLUTE
    ..\00-STM32F429_LIBRARIES\usb_cdc_device\usb_dcd_int.c 0x00000000   Number         0  usb_dcd_int.o ABSOLUTE
    ..\00-STM32F429_LIBRARIES\usb_cdc_device\usbd_cdc_core.c 0x00000000   Number         0  usbd_cdc_core.o ABSOLUTE
    ..\00-STM32F429_LIBRARIES\usb_cdc_device\usbd_cdc_vcp.c 0x00000000   Number         0  usbd_cdc_vcp.o ABSOLUTE
    ..\00-STM32F429_LIBRARIES\usb_cdc_device\usbd_core.c 0x00000000   Number         0  usbd_core.o ABSOLUTE
    ..\00-STM32F429_LIBRARIES\usb_cdc_device\usbd_desc.c 0x00000000   Number         0  usbd_desc.o ABSOLUTE
    ..\00-STM32F429_LIBRARIES\usb_cdc_device\usbd_ioreq.c 0x00000000   Number         0  usbd_ioreq.o ABSOLUTE
    ..\00-STM32F429_LIBRARIES\usb_cdc_device\usbd_req.c 0x00000000   Number         0  usbd_req.o ABSOLUTE
    ..\00-STM32F429_LIBRARIES\usb_cdc_device\usbd_usr.c 0x00000000   Number         0  usbd_usr.o ABSOLUTE
    ..\00-STM32F4xx_STANDARD_PERIPHERAL_DRIVERS\CMSIS\Device\ST\STM32F4xx\Source\Templates\arm\startup_stm32f40_41xxx.s 0x00000000   Number         0  startup_stm32f40_41xxx.o ABSOLUTE
    ..\00-STM32F4xx_STANDARD_PERIPHERAL_DRIVERS\STM32F4xx_StdPeriph_Driver\src\misc.c 0x00000000   Number         0  misc.o ABSOLUTE
    ..\00-STM32F4xx_STANDARD_PERIPHERAL_DRIVERS\STM32F4xx_StdPeriph_Driver\src\stm32f4xx_adc.c 0x00000000   Number         0  stm32f4xx_adc.o ABSOLUTE
    ..\00-STM32F4xx_STANDARD_PERIPHERAL_DRIVERS\STM32F4xx_StdPeriph_Driver\src\stm32f4xx_dac.c 0x00000000   Number         0  stm32f4xx_dac.o ABSOLUTE
    ..\00-STM32F4xx_STANDARD_PERIPHERAL_DRIVERS\STM32F4xx_StdPeriph_Driver\src\stm32f4xx_exti.c 0x00000000   Number         0  stm32f4xx_exti.o ABSOLUTE
    ..\00-STM32F4xx_STANDARD_PERIPHERAL_DRIVERS\STM32F4xx_StdPeriph_Driver\src\stm32f4xx_gpio.c 0x00000000   Number         0  stm32f4xx_gpio.o ABSOLUTE
    ..\00-STM32F4xx_STANDARD_PERIPHERAL_DRIVERS\STM32F4xx_StdPeriph_Driver\src\stm32f4xx_rcc.c 0x00000000   Number         0  stm32f4xx_rcc.o ABSOLUTE
    ..\\00-STM32F429_LIBRARIES\\tm_stm32f4_adc.c 0x00000000   Number         0  tm_stm32f4_adc.o ABSOLUTE
    ..\\00-STM32F429_LIBRARIES\\tm_stm32f4_dac.c 0x00000000   Number         0  tm_stm32f4_dac.o ABSOLUTE
    ..\\00-STM32F429_LIBRARIES\\tm_stm32f4_delay.c 0x00000000   Number         0  tm_stm32f4_delay.o ABSOLUTE
    ..\\00-STM32F429_LIBRARIES\\tm_stm32f4_disco.c 0x00000000   Number         0  tm_stm32f4_disco.o ABSOLUTE
    ..\\00-STM32F429_LIBRARIES\\tm_stm32f4_gpio.c 0x00000000   Number         0  tm_stm32f4_gpio.o ABSOLUTE
    ..\\00-STM32F429_LIBRARIES\\tm_stm32f4_usb_vcp.c 0x00000000   Number         0  tm_stm32f4_usb_vcp.o ABSOLUTE
    ..\\00-STM32F429_LIBRARIES\\usb_cdc_device\\usb_bsp.c 0x00000000   Number         0  usb_bsp.o ABSOLUTE
    ..\\00-STM32F429_LIBRARIES\\usb_cdc_device\\usb_core.c 0x00000000   Number         0  usb_core.o ABSOLUTE
    ..\\00-STM32F429_LIBRARIES\\usb_cdc_device\\usb_dcd.c 0x00000000   Number         0  usb_dcd.o ABSOLUTE
    ..\\00-STM32F429_LIBRARIES\\usb_cdc_device\\usb_dcd_int.c 0x00000000   Number         0  usb_dcd_int.o ABSOLUTE
    ..\\00-STM32F429_LIBRARIES\\usb_cdc_device\\usbd_cdc_core.c 0x00000000   Number         0  usbd_cdc_core.o ABSOLUTE
    ..\\00-STM32F429_LIBRARIES\\usb_cdc_device\\usbd_cdc_vcp.c 0x00000000   Number         0  usbd_cdc_vcp.o ABSOLUTE
    ..\\00-STM32F429_LIBRARIES\\usb_cdc_device\\usbd_core.c 0x00000000   Number         0  usbd_core.o ABSOLUTE
    ..\\00-STM32F429_LIBRARIES\\usb_cdc_device\\usbd_desc.c 0x00000000   Number         0  usbd_desc.o ABSOLUTE
    ..\\00-STM32F429_LIBRARIES\\usb_cdc_device\\usbd_ioreq.c 0x00000000   Number         0  usbd_ioreq.o ABSOLUTE
    ..\\00-STM32F429_LIBRARIES\\usb_cdc_device\\usbd_req.c 0x00000000   Number         0  usbd_req.o ABSOLUTE
    ..\\00-STM32F429_LIBRARIES\\usb_cdc_device\\usbd_usr.c 0x00000000   Number         0  usbd_usr.o ABSOLUTE
    ..\\00-STM32F4xx_STANDARD_PERIPHERAL_DRIVERS\\STM32F4xx_StdPeriph_Driver\\src\\misc.c 0x00000000   Number         0  misc.o ABSOLUTE
    ..\\00-STM32F4xx_STANDARD_PERIPHERAL_DRIVERS\\STM32F4xx_StdPeriph_Driver\\src\\stm32f4xx_adc.c 0x00000000   Number         0  stm32f4xx_adc.o ABSOLUTE
    ..\\00-STM32F4xx_STANDARD_PERIPHERAL_DRIVERS\\STM32F4xx_StdPeriph_Driver\\src\\stm32f4xx_dac.c 0x00000000   Number         0  stm32f4xx_dac.o ABSOLUTE
    ..\\00-STM32F4xx_STANDARD_PERIPHERAL_DRIVERS\\STM32F4xx_StdPeriph_Driver\\src\\stm32f4xx_exti.c 0x00000000   Number         0  stm32f4xx_exti.o ABSOLUTE
    ..\\00-STM32F4xx_STANDARD_PERIPHERAL_DRIVERS\\STM32F4xx_StdPeriph_Driver\\src\\stm32f4xx_gpio.c 0x00000000   Number         0  stm32f4xx_gpio.o ABSOLUTE
    ..\\00-STM32F4xx_STANDARD_PERIPHERAL_DRIVERS\\STM32F4xx_StdPeriph_Driver\\src\\stm32f4xx_rcc.c 0x00000000   Number         0  stm32f4xx_rcc.o ABSOLUTE
    User\\main.c                             0x00000000   Number         0  main.o ABSOLUTE
    User\\stm32f4xx_it.c                     0x00000000   Number         0  stm32f4xx_it.o ABSOLUTE
    User\\system_stm32f4xx.c                 0x00000000   Number         0  system_stm32f4xx.o ABSOLUTE
    User\main.c                              0x00000000   Number         0  main.o ABSOLUTE
    User\stm32f4xx_it.c                      0x00000000   Number         0  stm32f4xx_it.o ABSOLUTE
    User\system_stm32f4xx.c                  0x00000000   Number         0  system_stm32f4xx.o ABSOLUTE
    dc.s                                     0x00000000   Number         0  dc.o ABSOLUTE
    handlers.s                               0x00000000   Number         0  handlers.o ABSOLUTE
    init.s                                   0x00000000   Number         0  init.o ABSOLUTE
    RESET                                    0x08000000   Section      392  startup_stm32f40_41xxx.o(RESET)
    .ARM.Collect$$$$00000000                 0x08000188   Section        0  entry.o(.ARM.Collect$$$$00000000)
    .ARM.Collect$$$$00000001                 0x08000188   Section        4  entry2.o(.ARM.Collect$$$$00000001)
    .ARM.Collect$$$$00000004                 0x0800018c   Section        4  entry5.o(.ARM.Collect$$$$00000004)
    .ARM.Collect$$$$00000008                 0x08000190   Section        0  entry7b.o(.ARM.Collect$$$$00000008)
    .ARM.Collect$$$$0000000A                 0x08000190   Section        0  entry8b.o(.ARM.Collect$$$$0000000A)
    .ARM.Collect$$$$0000000B                 0x08000190   Section        8  entry9a.o(.ARM.Collect$$$$0000000B)
    .ARM.Collect$$$$0000000D                 0x08000198   Section        0  entry10a.o(.ARM.Collect$$$$0000000D)
    .ARM.Collect$$$$0000000F                 0x08000198   Section        0  entry11a.o(.ARM.Collect$$$$0000000F)
    .ARM.Collect$$$$00002712                 0x08000198   Section        4  entry2.o(.ARM.Collect$$$$00002712)
    __lit__00000000                          0x08000198   Data           4  entry2.o(.ARM.Collect$$$$00002712)
    .text                                    0x0800019c   Section       36  startup_stm32f40_41xxx.o(.text)
    $v0                                      0x0800019c   Number         0  startup_stm32f40_41xxx.o(.text)
    .text                                    0x080001c0   Section        0  misc.o(.text)
    .text                                    0x08000270   Section        0  stm32f4xx_rcc.o(.text)
    .text                                    0x080006f4   Section        0  stm32f4xx_gpio.o(.text)
    .text                                    0x08000900   Section        0  stm32f4xx_exti.o(.text)
    .text                                    0x080009e0   Section        0  stm32f4xx_adc.o(.text)
    .text                                    0x08000d34   Section        0  stm32f4xx_dac.o(.text)
    .text                                    0x08000e88   Section        0  tm_stm32f4_delay.o(.text)
    .text                                    0x08001008   Section        0  tm_stm32f4_disco.o(.text)
    .text                                    0x0800108c   Section        0  tm_stm32f4_usb_vcp.o(.text)
    .text                                    0x08001228   Section        0  tm_stm32f4_gpio.o(.text)
    .text                                    0x080014c4   Section        0  tm_stm32f4_adc.o(.text)
    .text                                    0x08001800   Section        0  tm_stm32f4_dac.o(.text)
    .text                                    0x0800187c   Section        0  main.o(.text)
    send_adc_readings                        0x0800187d   Thumb Code    64  main.o(.text)
    .text                                    0x08001a1c   Section        0  stm32f4xx_it.o(.text)
    .text                                    0x08001a38   Section        0  system_stm32f4xx.o(.text)
    SetSysClock                              0x08001a39   Thumb Code   162  system_stm32f4xx.o(.text)
    .text                                    0x08001bb8   Section        0  usb_bsp.o(.text)
    .text                                    0x08001cb0   Section        0  usb_core.o(.text)
    USB_OTG_CoreReset                        0x08001cb1   Thumb Code    84  usb_core.o(.text)
    .text                                    0x080025d0   Section        0  usb_dcd.o(.text)
    .text                                    0x08002850   Section        0  usb_dcd_int.o(.text)
    DCD_HandleInEP_ISR                       0x08002851   Thumb Code   198  usb_dcd_int.o(.text)
    DCD_HandleUsbReset_ISR                   0x08002a5d   Thumb Code   128  usb_dcd_int.o(.text)
    DCD_HandleRxStatusQueueLevel_ISR         0x08002add   Thumb Code   124  usb_dcd_int.o(.text)
    DCD_HandleUSBSuspend_ISR                 0x08002b59   Thumb Code   102  usb_dcd_int.o(.text)
    DCD_WriteEmptyTxFifo                     0x08002bbf   Thumb Code   112  usb_dcd_int.o(.text)
    DCD_HandleOutEP_ISR                      0x08002c2f   Thumb Code   174  usb_dcd_int.o(.text)
    .text                                    0x08002cdc   Section        0  usbd_cdc_core.o(.text)
    usbd_cdc_Init                            0x08002cdd   Thumb Code    70  usbd_cdc_core.o(.text)
    usbd_cdc_DeInit                          0x08002d23   Thumb Code    36  usbd_cdc_core.o(.text)
    usbd_cdc_Setup                           0x08002d47   Thumb Code   174  usbd_cdc_core.o(.text)
    usbd_cdc_EP0_RxReady                     0x08002df5   Thumb Code    32  usbd_cdc_core.o(.text)
    usbd_cdc_DataIn                          0x08002e15   Thumb Code    68  usbd_cdc_core.o(.text)
    usbd_cdc_DataOut                         0x08002e59   Thumb Code    42  usbd_cdc_core.o(.text)
    Handle_USBAsynchXfer                     0x08002e83   Thumb Code    96  usbd_cdc_core.o(.text)
    usbd_cdc_SOF                             0x08002ee3   Thumb Code    28  usbd_cdc_core.o(.text)
    USBD_cdc_GetCfgDesc                      0x08002eff   Thumb Code    10  usbd_cdc_core.o(.text)
    .text                                    0x08002f18   Section        0  usbd_cdc_vcp.o(.text)
    VCP_Init                                 0x08002f19   Thumb Code     4  usbd_cdc_vcp.o(.text)
    VCP_DeInit                               0x08002f1d   Thumb Code     4  usbd_cdc_vcp.o(.text)
    VCP_Ctrl                                 0x08002f21   Thumb Code    82  usbd_cdc_vcp.o(.text)
    .text                                    0x08002fc4   Section        0  usbd_core.o(.text)
    USBD_SetupStage                          0x08002ffd   Thumb Code    72  usbd_core.o(.text)
    USBD_DataOutStage                        0x08003045   Thumb Code   116  usbd_core.o(.text)
    USBD_DataInStage                         0x080030b9   Thumb Code   172  usbd_core.o(.text)
    USBD_Reset                               0x08003165   Thumb Code    46  usbd_core.o(.text)
    USBD_Resume                              0x08003193   Thumb Code    22  usbd_core.o(.text)
    USBD_Suspend                             0x080031a9   Thumb Code    28  usbd_core.o(.text)
    USBD_SOF                                 0x080031c5   Thumb Code    16  usbd_core.o(.text)
    USBD_IsoINIncomplete                     0x080031fd   Thumb Code    14  usbd_core.o(.text)
    USBD_IsoOUTIncomplete                    0x0800320b   Thumb Code    14  usbd_core.o(.text)
    .text                                    0x0800321c   Section        0  usbd_desc.o(.text)
    .text                                    0x080032ec   Section        0  usbd_ioreq.o(.text)
    .text                                    0x080033a4   Section        0  usbd_req.o(.text)
    USBD_SetConfig                           0x080033c1   Thumb Code   110  usbd_req.o(.text)
    USBD_GetDescriptor                       0x0800342f   Thumb Code   206  usbd_req.o(.text)
    USBD_SetFeature                          0x08003779   Thumb Code   122  usbd_req.o(.text)
    .text                                    0x080037f8   Section        0  usbd_usr.o(.text)
    .text                                    0x0800383c   Section       36  init.o(.text)
    .text                                    0x08003860   Section        0  __dczerorl2.o(.text)
    i.__scatterload_copy                     0x080038b6   Section       14  handlers.o(i.__scatterload_copy)
    i.__scatterload_null                     0x080038c4   Section        2  handlers.o(i.__scatterload_null)
    i.__scatterload_zeroinit                 0x080038c6   Section       14  handlers.o(i.__scatterload_zeroinit)
    i.free                                   0x080038d4   Section        0  malloc.o(i.free)
    i.malloc                                 0x08003924   Section        0  malloc.o(i.malloc)
    .constdata                               0x08003990   Section        3  main.o(.constdata)
    .data                                    0x20000000   Section       16  stm32f4xx_rcc.o(.data)
    APBAHBPrescTable                         0x20000000   Data          16  stm32f4xx_rcc.o(.data)
    .data                                    0x20000010   Section       16  tm_stm32f4_delay.o(.data)
    .data                                    0x20000020   Section        1  tm_stm32f4_disco.o(.data)
    TM_INT_DISCO_ButtonPressed               0x20000020   Data           1  tm_stm32f4_disco.o(.data)
    .data                                    0x20000024   Section       16  tm_stm32f4_usb_vcp.o(.data)
    .data                                    0x20000034   Section        8  main.o(.data)
    .data                                    0x2000003c   Section       20  system_stm32f4xx.o(.data)
    .data                                    0x20000050   Section      107  usbd_cdc_core.o(.data)
    usbd_cdc_AltSet                          0x20000054   Data           4  usbd_cdc_core.o(.data)
    cdcCmd                                   0x20000064   Data           4  usbd_cdc_core.o(.data)
    cdcLen                                   0x20000068   Data           4  usbd_cdc_core.o(.data)
    FrameCount                               0x2000006c   Data           4  usbd_cdc_core.o(.data)
    .data                                    0x200000bc   Section       44  usbd_cdc_core.o(.data)
    .data                                    0x200000e8   Section        8  usbd_cdc_vcp.o(.data)
    .data                                    0x200000f0   Section       20  usbd_cdc_vcp.o(.data)
    .data                                    0x20000104   Section       44  usbd_core.o(.data)
    .data                                    0x20000130   Section        4  usbd_core.o(.data)
    .data                                    0x20000134   Section        4  usbd_core.o(.data)
    .data                                    0x20000138   Section       28  usbd_desc.o(.data)
    .data                                    0x20000154   Section       22  usbd_desc.o(.data)
    .data                                    0x2000016c   Section       16  usbd_req.o(.data)
    cfgidx                                   0x2000016c   Data           1  usbd_req.o(.data)
    .data                                    0x2000017c   Section        1  usbd_usr.o(.data)
    .data                                    0x20000180   Section       28  usbd_usr.o(.data)
    .data                                    0x2000019c   Section        4  mvars.o(.data)
    .data                                    0x200001a0   Section        4  mvars.o(.data)
    .bss                                     0x200001a4   Section       24  tm_stm32f4_delay.o(.bss)
    CustomTimers                             0x200001a4   Data          24  tm_stm32f4_delay.o(.bss)
    .bss                                     0x200001bc   Section     1652  tm_stm32f4_usb_vcp.o(.bss)
    .bss                                     0x20000830   Section       22  tm_stm32f4_gpio.o(.bss)
    GPIO_UsedPins                            0x20000830   Data          22  tm_stm32f4_gpio.o(.bss)
    .bss                                     0x20000846   Section     2112  usbd_cdc_core.o(.bss)
    .bss                                     0x20001086   Section      255  usbd_req.o(.bss)
    HEAP                                     0x20001188   Section      512  startup_stm32f40_41xxx.o(HEAP)
    STACK                                    0x20001388   Section     1024  startup_stm32f40_41xxx.o(STACK)

    Global Symbols

    Symbol Name                              Value     Ov Type        Size  Object(Section)

    BuildAttributes$$THM_ISAv4$E$P$D$K$B$S$7EM$VFPi3$EXTD16$VFPS$VFMA$PE$A:L22UL41UL21$X:L11$S22US41US21$IEEE1$IW$USESV6$~STKCKD$USESV7$~SHL$OSPACE$EBA8$MICROLIB$REQ8$PRES8$EABIv2 0x00000000   Number         0  anon$$obj.o ABSOLUTE
    __ARM_use_no_argv                        0x00000000   Number         0  main.o ABSOLUTE
    TM_DELAY_1msHandler                       - Undefined Weak Reference
    __cpp_initialize__aeabi_                  - Undefined Weak Reference
    __cxa_finalize                            - Undefined Weak Reference
    _clock_init                               - Undefined Weak Reference
    _microlib_exit                            - Undefined Weak Reference
    __Vectors_Size                           0x00000188   Number         0  startup_stm32f40_41xxx.o ABSOLUTE
    __Vectors                                0x08000000   Data           4  startup_stm32f40_41xxx.o(RESET)
    __Vectors_End                            0x08000188   Data           0  startup_stm32f40_41xxx.o(RESET)
    __main                                   0x08000189   Thumb Code     0  entry.o(.ARM.Collect$$$$00000000)
    _main_stk                                0x08000189   Thumb Code     0  entry2.o(.ARM.Collect$$$$00000001)
    _main_scatterload                        0x0800018d   Thumb Code     0  entry5.o(.ARM.Collect$$$$00000004)
    __main_after_scatterload                 0x08000191   Thumb Code     0  entry5.o(.ARM.Collect$$$$00000004)
    _main_clock                              0x08000191   Thumb Code     0  entry7b.o(.ARM.Collect$$$$00000008)
    _main_cpp_init                           0x08000191   Thumb Code     0  entry8b.o(.ARM.Collect$$$$0000000A)
    _main_init                               0x08000191   Thumb Code     0  entry9a.o(.ARM.Collect$$$$0000000B)
    __rt_final_cpp                           0x08000199   Thumb Code     0  entry10a.o(.ARM.Collect$$$$0000000D)
    __rt_final_exit                          0x08000199   Thumb Code     0  entry11a.o(.ARM.Collect$$$$0000000F)
    Reset_Handler                            0x0800019d   Thumb Code     8  startup_stm32f40_41xxx.o(.text)
    ADC_IRQHandler                           0x080001b7   Thumb Code     0  startup_stm32f40_41xxx.o(.text)
    CAN1_RX0_IRQHandler                      0x080001b7   Thumb Code     0  startup_stm32f40_41xxx.o(.text)
    CAN1_RX1_IRQHandler                      0x080001b7   Thumb Code     0  startup_stm32f40_41xxx.o(.text)
    CAN1_SCE_IRQHandler                      0x080001b7   Thumb Code     0  startup_stm32f40_41xxx.o(.text)
    CAN1_TX_IRQHandler                       0x080001b7   Thumb Code     0  startup_stm32f40_41xxx.o(.text)
    CAN2_RX0_IRQHandler                      0x080001b7   Thumb Code     0  startup_stm32f40_41xxx.o(.text)
    CAN2_RX1_IRQHandler                      0x080001b7   Thumb Code     0  startup_stm32f40_41xxx.o(.text)
    CAN2_SCE_IRQHandler                      0x080001b7   Thumb Code     0  startup_stm32f40_41xxx.o(.text)
    CAN2_TX_IRQHandler                       0x080001b7   Thumb Code     0  startup_stm32f40_41xxx.o(.text)
    CRYP_IRQHandler                          0x080001b7   Thumb Code     0  startup_stm32f40_41xxx.o(.text)
    DCMI_IRQHandler                          0x080001b7   Thumb Code     0  startup_stm32f40_41xxx.o(.text)
    DMA1_Stream0_IRQHandler                  0x080001b7   Thumb Code     0  startup_stm32f40_41xxx.o(.text)
    DMA1_Stream1_IRQHandler                  0x080001b7   Thumb Code     0  startup_stm32f40_41xxx.o(.text)
    DMA1_Stream2_IRQHandler                  0x080001b7   Thumb Code     0  startup_stm32f40_41xxx.o(.text)
    DMA1_Stream3_IRQHandler                  0x080001b7   Thumb Code     0  startup_stm32f40_41xxx.o(.text)
    DMA1_Stream4_IRQHandler                  0x080001b7   Thumb Code     0  startup_stm32f40_41xxx.o(.text)
    DMA1_Stream5_IRQHandler                  0x080001b7   Thumb Code     0  startup_stm32f40_41xxx.o(.text)
    DMA1_Stream6_IRQHandler                  0x080001b7   Thumb Code     0  startup_stm32f40_41xxx.o(.text)
    DMA1_Stream7_IRQHandler                  0x080001b7   Thumb Code     0  startup_stm32f40_41xxx.o(.text)
    DMA2_Stream0_IRQHandler                  0x080001b7   Thumb Code     0  startup_stm32f40_41xxx.o(.text)
    DMA2_Stream1_IRQHandler                  0x080001b7   Thumb Code     0  startup_stm32f40_41xxx.o(.text)
    DMA2_Stream2_IRQHandler                  0x080001b7   Thumb Code     0  startup_stm32f40_41xxx.o(.text)
    DMA2_Stream3_IRQHandler                  0x080001b7   Thumb Code     0  startup_stm32f40_41xxx.o(.text)
    DMA2_Stream4_IRQHandler                  0x080001b7   Thumb Code     0  startup_stm32f40_41xxx.o(.text)
    DMA2_Stream5_IRQHandler                  0x080001b7   Thumb Code     0  startup_stm32f40_41xxx.o(.text)
    DMA2_Stream6_IRQHandler                  0x080001b7   Thumb Code     0  startup_stm32f40_41xxx.o(.text)
    DMA2_Stream7_IRQHandler                  0x080001b7   Thumb Code     0  startup_stm32f40_41xxx.o(.text)
    ETH_IRQHandler                           0x080001b7   Thumb Code     0  startup_stm32f40_41xxx.o(.text)
    ETH_WKUP_IRQHandler                      0x080001b7   Thumb Code     0  startup_stm32f40_41xxx.o(.text)
    EXTI0_IRQHandler                         0x080001b7   Thumb Code     0  startup_stm32f40_41xxx.o(.text)
    EXTI15_10_IRQHandler                     0x080001b7   Thumb Code     0  startup_stm32f40_41xxx.o(.text)
    EXTI1_IRQHandler                         0x080001b7   Thumb Code     0  startup_stm32f40_41xxx.o(.text)
    EXTI2_IRQHandler                         0x080001b7   Thumb Code     0  startup_stm32f40_41xxx.o(.text)
    EXTI3_IRQHandler                         0x080001b7   Thumb Code     0  startup_stm32f40_41xxx.o(.text)
    EXTI4_IRQHandler                         0x080001b7   Thumb Code     0  startup_stm32f40_41xxx.o(.text)
    EXTI9_5_IRQHandler                       0x080001b7   Thumb Code     0  startup_stm32f40_41xxx.o(.text)
    FLASH_IRQHandler                         0x080001b7   Thumb Code     0  startup_stm32f40_41xxx.o(.text)
    FPU_IRQHandler                           0x080001b7   Thumb Code     0  startup_stm32f40_41xxx.o(.text)
    FSMC_IRQHandler                          0x080001b7   Thumb Code     0  startup_stm32f40_41xxx.o(.text)
    HASH_RNG_IRQHandler                      0x080001b7   Thumb Code     0  startup_stm32f40_41xxx.o(.text)
    I2C1_ER_IRQHandler                       0x080001b7   Thumb Code     0  startup_stm32f40_41xxx.o(.text)
    I2C1_EV_IRQHandler                       0x080001b7   Thumb Code     0  startup_stm32f40_41xxx.o(.text)
    I2C2_ER_IRQHandler                       0x080001b7   Thumb Code     0  startup_stm32f40_41xxx.o(.text)
    I2C2_EV_IRQHandler                       0x080001b7   Thumb Code     0  startup_stm32f40_41xxx.o(.text)
    I2C3_ER_IRQHandler                       0x080001b7   Thumb Code     0  startup_stm32f40_41xxx.o(.text)
    I2C3_EV_IRQHandler                       0x080001b7   Thumb Code     0  startup_stm32f40_41xxx.o(.text)
    OTG_HS_EP1_IN_IRQHandler                 0x080001b7   Thumb Code     0  startup_stm32f40_41xxx.o(.text)
    OTG_HS_EP1_OUT_IRQHandler                0x080001b7   Thumb Code     0  startup_stm32f40_41xxx.o(.text)
    OTG_HS_IRQHandler                        0x080001b7   Thumb Code     0  startup_stm32f40_41xxx.o(.text)
    OTG_HS_WKUP_IRQHandler                   0x080001b7   Thumb Code     0  startup_stm32f40_41xxx.o(.text)
    PVD_IRQHandler                           0x080001b7   Thumb Code     0  startup_stm32f40_41xxx.o(.text)
    RCC_IRQHandler                           0x080001b7   Thumb Code     0  startup_stm32f40_41xxx.o(.text)
    RTC_Alarm_IRQHandler                     0x080001b7   Thumb Code     0  startup_stm32f40_41xxx.o(.text)
    RTC_WKUP_IRQHandler                      0x080001b7   Thumb Code     0  startup_stm32f40_41xxx.o(.text)
    SDIO_IRQHandler                          0x080001b7   Thumb Code     0  startup_stm32f40_41xxx.o(.text)
    SPI1_IRQHandler                          0x080001b7   Thumb Code     0  startup_stm32f40_41xxx.o(.text)
    SPI2_IRQHandler                          0x080001b7   Thumb Code     0  startup_stm32f40_41xxx.o(.text)
    SPI3_IRQHandler                          0x080001b7   Thumb Code     0  startup_stm32f40_41xxx.o(.text)
    TAMP_STAMP_IRQHandler                    0x080001b7   Thumb Code     0  startup_stm32f40_41xxx.o(.text)
    TIM1_BRK_TIM9_IRQHandler                 0x080001b7   Thumb Code     0  startup_stm32f40_41xxx.o(.text)
    TIM1_CC_IRQHandler                       0x080001b7   Thumb Code     0  startup_stm32f40_41xxx.o(.text)
    TIM1_TRG_COM_TIM11_IRQHandler            0x080001b7   Thumb Code     0  startup_stm32f40_41xxx.o(.text)
    TIM1_UP_TIM10_IRQHandler                 0x080001b7   Thumb Code     0  startup_stm32f40_41xxx.o(.text)
    TIM2_IRQHandler                          0x080001b7   Thumb Code     0  startup_stm32f40_41xxx.o(.text)
    TIM3_IRQHandler                          0x080001b7   Thumb Code     0  startup_stm32f40_41xxx.o(.text)
    TIM4_IRQHandler                          0x080001b7   Thumb Code     0  startup_stm32f40_41xxx.o(.text)
    TIM5_IRQHandler                          0x080001b7   Thumb Code     0  startup_stm32f40_41xxx.o(.text)
    TIM6_DAC_IRQHandler                      0x080001b7   Thumb Code     0  startup_stm32f40_41xxx.o(.text)
    TIM7_IRQHandler                          0x080001b7   Thumb Code     0  startup_stm32f40_41xxx.o(.text)
    TIM8_BRK_TIM12_IRQHandler                0x080001b7   Thumb Code     0  startup_stm32f40_41xxx.o(.text)
    TIM8_CC_IRQHandler                       0x080001b7   Thumb Code     0  startup_stm32f40_41xxx.o(.text)
    TIM8_TRG_COM_TIM14_IRQHandler            0x080001b7   Thumb Code     0  startup_stm32f40_41xxx.o(.text)
    TIM8_UP_TIM13_IRQHandler                 0x080001b7   Thumb Code     0  startup_stm32f40_41xxx.o(.text)
    UART4_IRQHandler                         0x080001b7   Thumb Code     0  startup_stm32f40_41xxx.o(.text)
    UART5_IRQHandler                         0x080001b7   Thumb Code     0  startup_stm32f40_41xxx.o(.text)
    USART1_IRQHandler                        0x080001b7   Thumb Code     0  startup_stm32f40_41xxx.o(.text)
    USART2_IRQHandler                        0x080001b7   Thumb Code     0  startup_stm32f40_41xxx.o(.text)
    USART3_IRQHandler                        0x080001b7   Thumb Code     0  startup_stm32f40_41xxx.o(.text)
    USART6_IRQHandler                        0x080001b7   Thumb Code     0  startup_stm32f40_41xxx.o(.text)
    WWDG_IRQHandler                          0x080001b7   Thumb Code     0  startup_stm32f40_41xxx.o(.text)
    NVIC_PriorityGroupConfig                 0x080001c1   Thumb Code    10  misc.o(.text)
    NVIC_Init                                0x080001cb   Thumb Code    96  misc.o(.text)
    NVIC_SetVectorTable                      0x0800022b   Thumb Code    14  misc.o(.text)
    NVIC_SystemLPConfig                      0x08000239   Thumb Code    20  misc.o(.text)
    SysTick_CLKSourceConfig                  0x0800024d   Thumb Code    24  misc.o(.text)
    RCC_DeInit                               0x08000271   Thumb Code    68  stm32f4xx_rcc.o(.text)
    RCC_HSEConfig                            0x080002b5   Thumb Code    12  stm32f4xx_rcc.o(.text)
    RCC_GetFlagStatus                        0x080002c1   Thumb Code    46  stm32f4xx_rcc.o(.text)
    RCC_WaitForHSEStartUp                    0x080002ef   Thumb Code    44  stm32f4xx_rcc.o(.text)
    RCC_AdjustHSICalibrationValue            0x0800031b   Thumb Code    16  stm32f4xx_rcc.o(.text)
    RCC_HSICmd                               0x0800032b   Thumb Code     6  stm32f4xx_rcc.o(.text)
    RCC_LSEConfig                            0x08000331   Thumb Code    24  stm32f4xx_rcc.o(.text)
    RCC_LSICmd                               0x08000349   Thumb Code     6  stm32f4xx_rcc.o(.text)
    RCC_PLLConfig                            0x0800034f   Thumb Code    32  stm32f4xx_rcc.o(.text)
    RCC_PLLCmd                               0x0800036f   Thumb Code     6  stm32f4xx_rcc.o(.text)
    RCC_PLLI2SConfig                         0x08000375   Thumb Code    14  stm32f4xx_rcc.o(.text)
    RCC_PLLI2SCmd                            0x08000383   Thumb Code     6  stm32f4xx_rcc.o(.text)
    RCC_PLLSAIConfig                         0x08000389   Thumb Code    18  stm32f4xx_rcc.o(.text)
    RCC_PLLSAICmd                            0x0800039b   Thumb Code     6  stm32f4xx_rcc.o(.text)
    RCC_ClockSecuritySystemCmd               0x080003a1   Thumb Code     6  stm32f4xx_rcc.o(.text)
    RCC_MCO1Config                           0x080003a7   Thumb Code    18  stm32f4xx_rcc.o(.text)
    RCC_MCO2Config                           0x080003b9   Thumb Code    18  stm32f4xx_rcc.o(.text)
    RCC_SYSCLKConfig                         0x080003cb   Thumb Code    16  stm32f4xx_rcc.o(.text)
    RCC_GetSYSCLKSource                      0x080003db   Thumb Code    12  stm32f4xx_rcc.o(.text)
    RCC_HCLKConfig                           0x080003e7   Thumb Code    16  stm32f4xx_rcc.o(.text)
    RCC_PCLK1Config                          0x080003f7   Thumb Code    16  stm32f4xx_rcc.o(.text)
    RCC_PCLK2Config                          0x08000407   Thumb Code    18  stm32f4xx_rcc.o(.text)
    RCC_GetClocksFreq                        0x08000419   Thumb Code   134  stm32f4xx_rcc.o(.text)
    RCC_RTCCLKConfig                         0x0800049f   Thumb Code    42  stm32f4xx_rcc.o(.text)
    RCC_RTCCLKCmd                            0x080004c9   Thumb Code     8  stm32f4xx_rcc.o(.text)
    RCC_BackupResetCmd                       0x080004d1   Thumb Code     8  stm32f4xx_rcc.o(.text)
    RCC_I2SCLKConfig                         0x080004d9   Thumb Code     8  stm32f4xx_rcc.o(.text)
    RCC_SAIBlockACLKConfig                   0x080004e1   Thumb Code    16  stm32f4xx_rcc.o(.text)
    RCC_SAIBlockBCLKConfig                   0x080004f1   Thumb Code    16  stm32f4xx_rcc.o(.text)
    RCC_SAIPLLI2SClkDivConfig                0x08000501   Thumb Code    18  stm32f4xx_rcc.o(.text)
    RCC_SAIPLLSAIClkDivConfig                0x08000513   Thumb Code    24  stm32f4xx_rcc.o(.text)
    RCC_LTDCCLKDivConfig                     0x0800052b   Thumb Code    16  stm32f4xx_rcc.o(.text)
    RCC_TIMCLKPresConfig                     0x0800053b   Thumb Code     8  stm32f4xx_rcc.o(.text)
    RCC_AHB1PeriphClockCmd                   0x08000543   Thumb Code    20  stm32f4xx_rcc.o(.text)
    RCC_AHB2PeriphClockCmd                   0x08000557   Thumb Code    20  stm32f4xx_rcc.o(.text)
    RCC_AHB3PeriphClockCmd                   0x0800056b   Thumb Code    20  stm32f4xx_rcc.o(.text)
    RCC_APB1PeriphClockCmd                   0x0800057f   Thumb Code    20  stm32f4xx_rcc.o(.text)
    RCC_APB2PeriphClockCmd                   0x08000593   Thumb Code    20  stm32f4xx_rcc.o(.text)
    RCC_AHB1PeriphResetCmd                   0x080005a7   Thumb Code    20  stm32f4xx_rcc.o(.text)
    RCC_AHB2PeriphResetCmd                   0x080005bb   Thumb Code    20  stm32f4xx_rcc.o(.text)
    RCC_AHB3PeriphResetCmd                   0x080005cf   Thumb Code    20  stm32f4xx_rcc.o(.text)
    RCC_APB1PeriphResetCmd                   0x080005e3   Thumb Code    20  stm32f4xx_rcc.o(.text)
    RCC_APB2PeriphResetCmd                   0x080005f7   Thumb Code    20  stm32f4xx_rcc.o(.text)
    RCC_AHB1PeriphClockLPModeCmd             0x0800060b   Thumb Code    20  stm32f4xx_rcc.o(.text)
    RCC_AHB2PeriphClockLPModeCmd             0x0800061f   Thumb Code    20  stm32f4xx_rcc.o(.text)
    RCC_AHB3PeriphClockLPModeCmd             0x08000633   Thumb Code    20  stm32f4xx_rcc.o(.text)
    RCC_APB1PeriphClockLPModeCmd             0x08000647   Thumb Code    68  stm32f4xx_rcc.o(.text)
    RCC_APB2PeriphClockLPModeCmd             0x0800068b   Thumb Code    18  stm32f4xx_rcc.o(.text)
    RCC_LSEModeConfig                        0x0800069d   Thumb Code    24  stm32f4xx_rcc.o(.text)
    RCC_ITConfig                             0x080006b5   Thumb Code    20  stm32f4xx_rcc.o(.text)
    RCC_ClearFlag                            0x080006c9   Thumb Code    14  stm32f4xx_rcc.o(.text)
    RCC_GetITStatus                          0x080006d7   Thumb Code    18  stm32f4xx_rcc.o(.text)
    RCC_ClearITPendingBit                    0x080006e9   Thumb Code     8  stm32f4xx_rcc.o(.text)
    GPIO_DeInit                              0x080006f5   Thumb Code   216  stm32f4xx_gpio.o(.text)
    GPIO_Init                                0x080007cd   Thumb Code   120  stm32f4xx_gpio.o(.text)
    GPIO_StructInit                          0x08000845   Thumb Code    18  stm32f4xx_gpio.o(.text)
    GPIO_PinLockConfig                       0x08000857   Thumb Code    24  stm32f4xx_gpio.o(.text)
    GPIO_ReadInputDataBit                    0x0800086f   Thumb Code    14  stm32f4xx_gpio.o(.text)
    GPIO_ReadInputData                       0x0800087d   Thumb Code     6  stm32f4xx_gpio.o(.text)
    GPIO_ReadOutputDataBit                   0x08000883   Thumb Code    14  stm32f4xx_gpio.o(.text)
    GPIO_ReadOutputData                      0x08000891   Thumb Code     6  stm32f4xx_gpio.o(.text)
    GPIO_SetBits                             0x08000897   Thumb Code     4  stm32f4xx_gpio.o(.text)
    GPIO_ResetBits                           0x0800089b   Thumb Code     4  stm32f4xx_gpio.o(.text)
    GPIO_WriteBit                            0x0800089f   Thumb Code    10  stm32f4xx_gpio.o(.text)
    GPIO_Write                               0x080008a9   Thumb Code     4  stm32f4xx_gpio.o(.text)
    GPIO_ToggleBits                          0x080008ad   Thumb Code     8  stm32f4xx_gpio.o(.text)
    GPIO_PinAFConfig                         0x080008b5   Thumb Code    32  stm32f4xx_gpio.o(.text)
    EXTI_DeInit                              0x08000901   Thumb Code    28  stm32f4xx_exti.o(.text)
    EXTI_Init                                0x0800091d   Thumb Code   108  stm32f4xx_exti.o(.text)
    EXTI_StructInit                          0x08000989   Thumb Code    14  stm32f4xx_exti.o(.text)
    EXTI_GenerateSWInterrupt                 0x08000997   Thumb Code    12  stm32f4xx_exti.o(.text)
    EXTI_GetFlagStatus                       0x080009a3   Thumb Code    18  stm32f4xx_exti.o(.text)
    EXTI_ClearFlag                           0x080009b5   Thumb Code     8  stm32f4xx_exti.o(.text)
    EXTI_GetITStatus                         0x080009bd   Thumb Code    18  stm32f4xx_exti.o(.text)
    EXTI_ClearITPendingBit                   0x080009cf   Thumb Code     8  stm32f4xx_exti.o(.text)
    ADC_DeInit                               0x080009e1   Thumb Code    24  stm32f4xx_adc.o(.text)
    ADC_Init                                 0x080009f9   Thumb Code    66  stm32f4xx_adc.o(.text)
    ADC_StructInit                           0x08000a3b   Thumb Code    20  stm32f4xx_adc.o(.text)
    ADC_CommonInit                           0x08000a4f   Thumb Code    34  stm32f4xx_adc.o(.text)
    ADC_CommonStructInit                     0x08000a71   Thumb Code    12  stm32f4xx_adc.o(.text)
    ADC_Cmd                                  0x08000a7d   Thumb Code    20  stm32f4xx_adc.o(.text)
    ADC_AnalogWatchdogCmd                    0x08000a91   Thumb Code    12  stm32f4xx_adc.o(.text)
    ADC_AnalogWatchdogThresholdsConfig       0x08000a9d   Thumb Code     6  stm32f4xx_adc.o(.text)
    ADC_AnalogWatchdogSingleChannelConfig    0x08000aa3   Thumb Code    12  stm32f4xx_adc.o(.text)
    ADC_TempSensorVrefintCmd                 0x08000aaf   Thumb Code    26  stm32f4xx_adc.o(.text)
    ADC_VBATCmd                              0x08000ac9   Thumb Code    26  stm32f4xx_adc.o(.text)
    ADC_RegularChannelConfig                 0x08000ae3   Thumb Code   116  stm32f4xx_adc.o(.text)
    ADC_SoftwareStartConv                    0x08000b57   Thumb Code    10  stm32f4xx_adc.o(.text)
    ADC_GetSoftwareStartConvStatus           0x08000b61   Thumb Code    14  stm32f4xx_adc.o(.text)
    ADC_EOCOnEachRegularChannelCmd           0x08000b6f   Thumb Code    20  stm32f4xx_adc.o(.text)
    ADC_ContinuousModeCmd                    0x08000b83   Thumb Code    20  stm32f4xx_adc.o(.text)
    ADC_DiscModeChannelCountConfig           0x08000b97   Thumb Code    16  stm32f4xx_adc.o(.text)
    ADC_DiscModeCmd                          0x08000ba7   Thumb Code    20  stm32f4xx_adc.o(.text)
    ADC_GetConversionValue                   0x08000bbb   Thumb Code     6  stm32f4xx_adc.o(.text)
    ADC_GetMultiModeConversionValue          0x08000bc1   Thumb Code     8  stm32f4xx_adc.o(.text)
    ADC_DMACmd                               0x08000bc9   Thumb Code    20  stm32f4xx_adc.o(.text)
    ADC_DMARequestAfterLastTransferCmd       0x08000bdd   Thumb Code    20  stm32f4xx_adc.o(.text)
    ADC_MultiModeDMARequestAfterLastTransferCmd 0x08000bf1   Thumb Code    26  stm32f4xx_adc.o(.text)
    ADC_InjectedChannelConfig                0x08000c0b   Thumb Code    74  stm32f4xx_adc.o(.text)
    ADC_InjectedSequencerLengthConfig        0x08000c55   Thumb Code    16  stm32f4xx_adc.o(.text)
    ADC_SetInjectedOffset                    0x08000c65   Thumb Code    10  stm32f4xx_adc.o(.text)
    ADC_ExternalTrigInjectedConvConfig       0x08000c6f   Thumb Code    12  stm32f4xx_adc.o(.text)
    ADC_ExternalTrigInjectedConvEdgeConfig   0x08000c7b   Thumb Code    12  stm32f4xx_adc.o(.text)
    ADC_SoftwareStartInjectedConv            0x08000c87   Thumb Code    10  stm32f4xx_adc.o(.text)
    ADC_GetSoftwareStartInjectedConvCmdStatus 0x08000c91   Thumb Code    14  stm32f4xx_adc.o(.text)
    ADC_AutoInjectedConvCmd                  0x08000c9f   Thumb Code    20  stm32f4xx_adc.o(.text)
    ADC_InjectedDiscModeCmd                  0x08000cb3   Thumb Code    20  stm32f4xx_adc.o(.text)
    ADC_GetInjectedConversionValue           0x08000cc7   Thumb Code    14  stm32f4xx_adc.o(.text)
    ADC_ITConfig                             0x08000cd5   Thumb Code    18  stm32f4xx_adc.o(.text)
    ADC_GetFlagStatus                        0x08000ce7   Thumb Code    14  stm32f4xx_adc.o(.text)
    ADC_ClearFlag                            0x08000cf5   Thumb Code     6  stm32f4xx_adc.o(.text)
    ADC_GetITStatus                          0x08000cfb   Thumb Code    30  stm32f4xx_adc.o(.text)
    ADC_ClearITPendingBit                    0x08000d19   Thumb Code     8  stm32f4xx_adc.o(.text)
    DAC_DeInit                               0x08000d35   Thumb Code    24  stm32f4xx_dac.o(.text)
    DAC_Init                                 0x08000d4d   Thumb Code    36  stm32f4xx_dac.o(.text)
    DAC_StructInit                           0x08000d71   Thumb Code    12  stm32f4xx_dac.o(.text)
    DAC_Cmd                                  0x08000d7d   Thumb Code    20  stm32f4xx_dac.o(.text)
    DAC_SoftwareTriggerCmd                   0x08000d91   Thumb Code    26  stm32f4xx_dac.o(.text)
    DAC_DualSoftwareTriggerCmd               0x08000dab   Thumb Code    24  stm32f4xx_dac.o(.text)
    DAC_WaveGenerationCmd                    0x08000dc3   Thumb Code    18  stm32f4xx_dac.o(.text)
    DAC_SetChannel1Data                      0x08000dd5   Thumb Code    14  stm32f4xx_dac.o(.text)
    DAC_SetChannel2Data                      0x08000de3   Thumb Code    14  stm32f4xx_dac.o(.text)
    DAC_SetDualChannelData                   0x08000df1   Thumb Code    22  stm32f4xx_dac.o(.text)
    DAC_GetDataOutputValue                   0x08000e07   Thumb Code    18  stm32f4xx_dac.o(.text)
    DAC_DMACmd                               0x08000e19   Thumb Code    20  stm32f4xx_dac.o(.text)
    DAC_ITConfig                             0x08000e2d   Thumb Code    18  stm32f4xx_dac.o(.text)
    DAC_GetFlagStatus                        0x08000e3f   Thumb Code    20  stm32f4xx_dac.o(.text)
    DAC_ClearFlag                            0x08000e53   Thumb Code    10  stm32f4xx_dac.o(.text)
    DAC_GetITStatus                          0x08000e5d   Thumb Code    30  stm32f4xx_dac.o(.text)
    DAC_ClearITPendingBit                    0x08000e7b   Thumb Code    10  stm32f4xx_dac.o(.text)
    TimingDelay_Decrement                    0x08000e89   Thumb Code    88  tm_stm32f4_delay.o(.text)
    TM_DELAY_Init                            0x08000ee1   Thumb Code    60  tm_stm32f4_delay.o(.text)
    TM_DELAY_EnableDelayTimer                0x08000f1d   Thumb Code    22  tm_stm32f4_delay.o(.text)
    TM_DELAY_DisableDelayTimer               0x08000f33   Thumb Code    14  tm_stm32f4_delay.o(.text)
    TM_DELAY_TimerCreate                     0x08000f41   Thumb Code    68  tm_stm32f4_delay.o(.text)
    TM_DELAY_TimerDelete                     0x08000f85   Thumb Code    86  tm_stm32f4_delay.o(.text)
    TM_DELAY_TimerStop                       0x08000fdb   Thumb Code     6  tm_stm32f4_delay.o(.text)
    TM_DELAY_TimerStart                      0x08000fe1   Thumb Code     6  tm_stm32f4_delay.o(.text)
    TM_DELAY_TimerReset                      0x08000fe7   Thumb Code     6  tm_stm32f4_delay.o(.text)
    TM_DELAY_TimerAutoReload                 0x08000fed   Thumb Code     4  tm_stm32f4_delay.o(.text)
    TM_DELAY_TimerAutoReloadValue            0x08000ff1   Thumb Code     4  tm_stm32f4_delay.o(.text)
    TM_DISCO_LedInit                         0x08001009   Thumb Code    34  tm_stm32f4_disco.o(.text)
    TM_DISCO_ButtonInit                      0x0800102b   Thumb Code    24  tm_stm32f4_disco.o(.text)
    TM_DISCO_ButtonOnPressed                 0x08001043   Thumb Code    30  tm_stm32f4_disco.o(.text)
    TM_DISCO_ButtonOnReleased                0x08001061   Thumb Code    32  tm_stm32f4_disco.o(.text)
    TM_USB_VCP_Init                          0x0800108d   Thumb Code    36  tm_stm32f4_usb_vcp.o(.text)
    TM_USB_VCP_BufferEmpty                   0x080010b1   Thumb Code    14  tm_stm32f4_usb_vcp.o(.text)
    TM_USB_VCP_BufferFull                    0x080010bf   Thumb Code    16  tm_stm32f4_usb_vcp.o(.text)
    TM_USB_VCP_FindCharacter                 0x080010cf   Thumb Code    54  tm_stm32f4_usb_vcp.o(.text)
    TM_USB_VCP_Getc                          0x08001105   Thumb Code    52  tm_stm32f4_usb_vcp.o(.text)
    TM_USB_VCP_Putc                          0x08001139   Thumb Code    24  tm_stm32f4_usb_vcp.o(.text)
    TM_USB_VCP_Puts                          0x08001151   Thumb Code    20  tm_stm32f4_usb_vcp.o(.text)
    TM_USB_VCP_Send                          0x08001165   Thumb Code    10  tm_stm32f4_usb_vcp.o(.text)
    TM_USB_VCP_Gets                          0x0800116f   Thumb Code    72  tm_stm32f4_usb_vcp.o(.text)
    TM_INT_USB_VCP_AddReceived               0x080011b7   Thumb Code    42  tm_stm32f4_usb_vcp.o(.text)
    TM_USB_VCP_GetStatus                     0x080011e1   Thumb Code    16  tm_stm32f4_usb_vcp.o(.text)
    TM_USB_VCP_GetSettings                   0x080011f1   Thumb Code    28  tm_stm32f4_usb_vcp.o(.text)
    TM_GPIO_GetPortSource                    0x08001229   Thumb Code    10  tm_stm32f4_gpio.o(.text)
    TM_GPIO_INT_Init                         0x08001233   Thumb Code   130  tm_stm32f4_gpio.o(.text)
    TM_GPIO_INT_EnableClock                  0x080012b5   Thumb Code    20  tm_stm32f4_gpio.o(.text)
    TM_GPIO_Init                             0x080012c9   Thumb Code    34  tm_stm32f4_gpio.o(.text)
    TM_GPIO_InitAlternate                    0x080012eb   Thumb Code    92  tm_stm32f4_gpio.o(.text)
    TM_GPIO_DeInit                           0x08001347   Thumb Code    66  tm_stm32f4_gpio.o(.text)
    TM_GPIO_SetPinAsInput                    0x08001389   Thumb Code    38  tm_stm32f4_gpio.o(.text)
    TM_GPIO_SetPinAsOutput                   0x080013af   Thumb Code    46  tm_stm32f4_gpio.o(.text)
    TM_GPIO_SetPinAsAnalog                   0x080013dd   Thumb Code    38  tm_stm32f4_gpio.o(.text)
    TM_GPIO_SetPinAsAlternate                0x08001403   Thumb Code    48  tm_stm32f4_gpio.o(.text)
    TM_GPIO_SetPullResistor                  0x08001433   Thumb Code    46  tm_stm32f4_gpio.o(.text)
    TM_GPIO_Lock                             0x08001461   Thumb Code    16  tm_stm32f4_gpio.o(.text)
    TM_GPIO_GetPinSource                     0x08001471   Thumb Code    18  tm_stm32f4_gpio.o(.text)
    TM_GPIO_INT_DisableClock                 0x08001483   Thumb Code    20  tm_stm32f4_gpio.o(.text)
    TM_GPIO_GetUsedPins                      0x08001497   Thumb Code    14  tm_stm32f4_gpio.o(.text)
    TM_GPIO_GetFreePins                      0x080014a5   Thumb Code    18  tm_stm32f4_gpio.o(.text)
    TM_ADC_InitADC                           0x080014c5   Thumb Code   116  tm_stm32f4_adc.o(.text)
    TM_ADC_INT_InitPin                       0x08001539   Thumb Code    20  tm_stm32f4_adc.o(.text)
    TM_ADC_INT_Channel_15_Init               0x0800154d   Thumb Code    32  tm_stm32f4_adc.o(.text)
    TM_ADC_INT_Channel_14_Init               0x0800156d   Thumb Code    42  tm_stm32f4_adc.o(.text)
    TM_ADC_INT_Channel_13_Init               0x08001597   Thumb Code     6  tm_stm32f4_adc.o(.text)
    TM_ADC_INT_Channel_12_Init               0x0800159d   Thumb Code     6  tm_stm32f4_adc.o(.text)
    TM_ADC_INT_Channel_11_Init               0x080015a3   Thumb Code     6  tm_stm32f4_adc.o(.text)
    TM_ADC_INT_Channel_10_Init               0x080015a9   Thumb Code     6  tm_stm32f4_adc.o(.text)
    TM_ADC_INT_Channel_9_Init                0x080015af   Thumb Code    42  tm_stm32f4_adc.o(.text)
    TM_ADC_INT_Channel_8_Init                0x080015d9   Thumb Code    42  tm_stm32f4_adc.o(.text)
    TM_ADC_INT_Channel_7_Init                0x08001603   Thumb Code    42  tm_stm32f4_adc.o(.text)
    TM_ADC_INT_Channel_6_Init                0x0800162d   Thumb Code    42  tm_stm32f4_adc.o(.text)
    TM_ADC_INT_Channel_5_Init                0x08001657   Thumb Code    42  tm_stm32f4_adc.o(.text)
    TM_ADC_INT_Channel_4_Init                0x08001681   Thumb Code    42  tm_stm32f4_adc.o(.text)
    TM_ADC_INT_Channel_3_Init                0x080016ab   Thumb Code     6  tm_stm32f4_adc.o(.text)
    TM_ADC_INT_Channel_2_Init                0x080016b1   Thumb Code     6  tm_stm32f4_adc.o(.text)
    TM_ADC_INT_Channel_1_Init                0x080016b7   Thumb Code     6  tm_stm32f4_adc.o(.text)
    TM_ADC_INT_Channel_0_Init                0x080016bd   Thumb Code     6  tm_stm32f4_adc.o(.text)
    TM_ADC_Init                              0x080016c3   Thumb Code   162  tm_stm32f4_adc.o(.text)
    TM_ADC_Read                              0x08001765   Thumb Code    44  tm_stm32f4_adc.o(.text)
    TM_ADC_EnableVbat                        0x08001791   Thumb Code    16  tm_stm32f4_adc.o(.text)
    TM_ADC_DisableVbat                       0x080017a1   Thumb Code    16  tm_stm32f4_adc.o(.text)
    TM_ADC_ReadVbat                          0x080017b1   Thumb Code    48  tm_stm32f4_adc.o(.text)
    TM_DAC_Init                              0x08001801   Thumb Code    86  tm_stm32f4_dac.o(.text)
    TM_DAC_SetValue                          0x08001857   Thumb Code    26  tm_stm32f4_dac.o(.text)
    main                                     0x080018bd   Thumb Code   330  main.o(.text)
    NMI_Handler                              0x08001a1d   Thumb Code     2  stm32f4xx_it.o(.text)
    HardFault_Handler                        0x08001a1f   Thumb Code     2  stm32f4xx_it.o(.text)
    MemManage_Handler                        0x08001a21   Thumb Code     2  stm32f4xx_it.o(.text)
    BusFault_Handler                         0x08001a23   Thumb Code     2  stm32f4xx_it.o(.text)
    UsageFault_Handler                       0x08001a25   Thumb Code     2  stm32f4xx_it.o(.text)
    SVC_Handler                              0x08001a27   Thumb Code     2  stm32f4xx_it.o(.text)
    DebugMon_Handler                         0x08001a29   Thumb Code     2  stm32f4xx_it.o(.text)
    PendSV_Handler                           0x08001a2b   Thumb Code     2  stm32f4xx_it.o(.text)
    SysTick_Handler                          0x08001a2f   Thumb Code     8  stm32f4xx_it.o(.text)
    SystemInit                               0x08001adb   Thumb Code    74  system_stm32f4xx.o(.text)
    SystemCoreClockUpdate                    0x08001b25   Thumb Code   108  system_stm32f4xx.o(.text)
    USB_OTG_BSP_Init                         0x08001bb9   Thumb Code   154  usb_bsp.o(.text)
    USB_OTG_BSP_EnableInterrupt              0x08001c53   Thumb Code    40  usb_bsp.o(.text)
    USB_OTG_BSP_uDelay                       0x08001c7b   Thumb Code    22  usb_bsp.o(.text)
    USB_OTG_BSP_mDelay                       0x08001c91   Thumb Code     8  usb_bsp.o(.text)
    OTG_FS_WKUP_IRQHandler                   0x08001c99   Thumb Code     8  usb_bsp.o(.text)
    OTG_FS_IRQHandler                        0x08001ca1   Thumb Code     6  usb_bsp.o(.text)
    USB_OTG_WritePacket                      0x08001d05   Thumb Code    40  usb_core.o(.text)
    USB_OTG_ReadPacket                       0x08001d2d   Thumb Code    32  usb_core.o(.text)
    USB_OTG_SelectCore                       0x08001d4d   Thumb Code   188  usb_core.o(.text)
    USB_OTG_CoreInit                         0x08001e09   Thumb Code   128  usb_core.o(.text)
    USB_OTG_EnableGlobalInt                  0x08001e89   Thumb Code    16  usb_core.o(.text)
    USB_OTG_DisableGlobalInt                 0x08001e99   Thumb Code    16  usb_core.o(.text)
    USB_OTG_FlushTxFifo                      0x08001ea9   Thumb Code    62  usb_core.o(.text)
    USB_OTG_FlushRxFifo                      0x08001ee7   Thumb Code    54  usb_core.o(.text)
    USB_OTG_SetCurrentMode                   0x08001f1d   Thumb Code    42  usb_core.o(.text)
    USB_OTG_GetMode                          0x08001f47   Thumb Code    10  usb_core.o(.text)
    USB_OTG_IsDeviceMode                     0x08001f51   Thumb Code    18  usb_core.o(.text)
    USB_OTG_IsHostMode                       0x08001f63   Thumb Code    14  usb_core.o(.text)
    USB_OTG_ReadCoreItr                      0x08001f71   Thumb Code    10  usb_core.o(.text)
    USB_OTG_ReadOtgItr                       0x08001f7b   Thumb Code     6  usb_core.o(.text)
    USB_OTG_InitDevSpeed                     0x08001f81   Thumb Code    12  usb_core.o(.text)
    USB_OTG_EnableDevInt                     0x08001f8d   Thumb Code    66  usb_core.o(.text)
    USB_OTG_CoreInitDev                      0x08001fcf   Thumb Code   312  usb_core.o(.text)
    USB_OTG_GetDeviceSpeed                   0x08002107   Thumb Code    38  usb_core.o(.text)
    USB_OTG_EP0Activate                      0x0800212d   Thumb Code    58  usb_core.o(.text)
    USB_OTG_EPActivate                       0x08002167   Thumb Code    82  usb_core.o(.text)
    USB_OTG_EPDeactivate                     0x080021b9   Thumb Code    52  usb_core.o(.text)
    USB_OTG_EPStartXfer                      0x080021ed   Thumb Code   298  usb_core.o(.text)
    USB_OTG_EP0StartXfer                     0x08002317   Thumb Code   184  usb_core.o(.text)
    USB_OTG_EPSetStall                       0x080023cf   Thumb Code    48  usb_core.o(.text)
    USB_OTG_EPClearStall                     0x080023ff   Thumb Code    50  usb_core.o(.text)
    USB_OTG_ReadDevAllOutEp_itr              0x08002431   Thumb Code    12  usb_core.o(.text)
    USB_OTG_ReadDevOutEP_itr                 0x0800243d   Thumb Code    16  usb_core.o(.text)
    USB_OTG_ReadDevAllInEPItr                0x0800244d   Thumb Code    12  usb_core.o(.text)
    USB_OTG_EP0_OutStart                     0x08002459   Thumb Code    32  usb_core.o(.text)
    USB_OTG_ActiveRemoteWakeup               0x08002479   Thumb Code    66  usb_core.o(.text)
    USB_OTG_UngateClock                      0x080024bb   Thumb Code    30  usb_core.o(.text)
    USB_OTG_StopDevice                       0x080024d9   Thumb Code    72  usb_core.o(.text)
    USB_OTG_GetEPStatus                      0x08002521   Thumb Code    66  usb_core.o(.text)
    USB_OTG_SetEPStatus                      0x08002563   Thumb Code   106  usb_core.o(.text)
    DCD_Init                                 0x080025d1   Thumb Code   146  usb_dcd.o(.text)
    DCD_EP_Open                              0x08002663   Thumb Code    60  usb_dcd.o(.text)
    DCD_EP_Close                             0x0800269f   Thumb Code    44  usb_dcd.o(.text)
    DCD_EP_PrepareRx                         0x080026cb   Thumb Code    68  usb_dcd.o(.text)
    DCD_EP_Tx                                0x0800270f   Thumb Code    62  usb_dcd.o(.text)
    DCD_EP_Stall                             0x0800274d   Thumb Code    56  usb_dcd.o(.text)
    DCD_EP_ClrStall                          0x08002785   Thumb Code    56  usb_dcd.o(.text)
    DCD_EP_Flush                             0x080027bd   Thumb Code    24  usb_dcd.o(.text)
    DCD_EP_SetAddress                        0x080027d5   Thumb Code    16  usb_dcd.o(.text)
    DCD_DevConnect                           0x080027e5   Thumb Code    16  usb_dcd.o(.text)
    DCD_DevDisconnect                        0x080027f5   Thumb Code    16  usb_dcd.o(.text)
    DCD_GetEPStatus                          0x08002805   Thumb Code    38  usb_dcd.o(.text)
    DCD_SetEPStatus                          0x0800282b   Thumb Code    38  usb_dcd.o(.text)
    USBD_OTG_ISR_Handler                     0x08002917   Thumb Code   326  usb_dcd_int.o(.text)
    VCP_DataTx                               0x08002f73   Thumb Code    42  usbd_cdc_vcp.o(.text)
    VCP_DataRx                               0x08002f9d   Thumb Code    26  usbd_cdc_vcp.o(.text)
    USBD_DeInit                              0x08002fc5   Thumb Code     4  usbd_core.o(.text)
    USBD_Init                                0x08002fc9   Thumb Code    52  usbd_core.o(.text)
    USBD_SetCfg                              0x080031d5   Thumb Code    26  usbd_core.o(.text)
    USBD_ClrCfg                              0x080031ef   Thumb Code    14  usbd_core.o(.text)
    USBD_USR_DeviceDescriptor                0x0800321d   Thumb Code     8  usbd_desc.o(.text)
    USBD_USR_LangIDStrDescriptor             0x08003225   Thumb Code    10  usbd_desc.o(.text)
    USBD_USR_ProductStrDescriptor            0x0800322f   Thumb Code    16  usbd_desc.o(.text)
    USBD_USR_ManufacturerStrDescriptor       0x0800323f   Thumb Code    16  usbd_desc.o(.text)
    USBD_USR_SerialStrDescriptor             0x0800324f   Thumb Code    16  usbd_desc.o(.text)
    USBD_USR_ConfigStrDescriptor             0x0800325f   Thumb Code    16  usbd_desc.o(.text)
    USBD_USR_InterfaceStrDescriptor          0x0800326f   Thumb Code    16  usbd_desc.o(.text)
    USBD_CtlSendData                         0x080032ed   Thumb Code    32  usbd_ioreq.o(.text)
    USBD_CtlContinueSendData                 0x0800330d   Thumb Code    18  usbd_ioreq.o(.text)
    USBD_CtlPrepareRx                        0x0800331f   Thumb Code    32  usbd_ioreq.o(.text)
    USBD_CtlContinueRx                       0x0800333f   Thumb Code    18  usbd_ioreq.o(.text)
    USBD_CtlSendStatus                       0x08003351   Thumb Code    34  usbd_ioreq.o(.text)
    USBD_CtlReceiveStatus                    0x08003373   Thumb Code    34  usbd_ioreq.o(.text)
    USBD_GetRxCount                          0x08003395   Thumb Code    16  usbd_ioreq.o(.text)
    USBD_CtlError                            0x080033a5   Thumb Code    28  usbd_req.o(.text)
    USBD_StdDevReq                           0x080034fd   Thumb Code   236  usbd_req.o(.text)
    USBD_StdItfReq                           0x080035e9   Thumb Code    54  usbd_req.o(.text)
    USBD_StdEPReq                            0x0800361f   Thumb Code   208  usbd_req.o(.text)
    USBD_ParseSetupRequest                   0x080036ef   Thumb Code    68  usbd_req.o(.text)
    USBD_GetString                           0x08003733   Thumb Code    70  usbd_req.o(.text)
    USBD_USR_Init                            0x080037f9   Thumb Code     8  usbd_usr.o(.text)
    USBD_USR_DeviceReset                     0x08003801   Thumb Code     8  usbd_usr.o(.text)
    USBD_USR_DeviceConfigured                0x08003809   Thumb Code     8  usbd_usr.o(.text)
    USBD_USR_DeviceSuspended                 0x08003811   Thumb Code     8  usbd_usr.o(.text)
    USBD_USR_DeviceResumed                   0x08003819   Thumb Code     8  usbd_usr.o(.text)
    USBD_USR_DeviceConnected                 0x08003821   Thumb Code     8  usbd_usr.o(.text)
    USBD_USR_DeviceDisconnected              0x08003829   Thumb Code     8  usbd_usr.o(.text)
    USBD_User_GetStatus                      0x08003831   Thumb Code     6  usbd_usr.o(.text)
    __scatterload                            0x0800383d   Thumb Code    28  init.o(.text)
    __scatterload_rt2                        0x0800383d   Thumb Code     0  init.o(.text)
    __decompress                             0x08003861   Thumb Code     0  __dczerorl2.o(.text)
    __decompress1                            0x08003861   Thumb Code    86  __dczerorl2.o(.text)
    __scatterload_copy                       0x080038b7   Thumb Code    14  handlers.o(i.__scatterload_copy)
    __scatterload_null                       0x080038c5   Thumb Code     2  handlers.o(i.__scatterload_null)
    __scatterload_zeroinit                   0x080038c7   Thumb Code    14  handlers.o(i.__scatterload_zeroinit)
    free                                     0x080038d5   Thumb Code    76  malloc.o(i.free)
    malloc                                   0x08003925   Thumb Code    92  malloc.o(i.malloc)
    in_frame_expected_lengths                0x08003990   Data           3  main.o(.constdata)
    Region$$Table$$Base                      0x08003994   Number         0  anon$$obj.o(Region$$Table)
    Region$$Table$$Limit                     0x080039b4   Number         0  anon$$obj.o(Region$$Table)
    TM_DELAY_Initialized                     0x20000010   Data           1  tm_stm32f4_delay.o(.data)
    TM_Time                                  0x20000014   Data           4  tm_stm32f4_delay.o(.data)
    TM_Time2                                 0x20000018   Data           4  tm_stm32f4_delay.o(.data)
    mult                                     0x2000001c   Data           4  tm_stm32f4_delay.o(.data)
    TM_USB_VCP_INT_Init                      0x20000024   Data           1  tm_stm32f4_usb_vcp.o(.data)
    tm_int_usb_vcp_buf_in                    0x20000028   Data           4  tm_stm32f4_usb_vcp.o(.data)
    tm_int_usb_vcp_buf_out                   0x2000002c   Data           4  tm_stm32f4_usb_vcp.o(.data)
    tm_int_usb_vcp_buf_num                   0x20000030   Data           4  tm_stm32f4_usb_vcp.o(.data)
    ADC_autosampling_period_ms               0x20000034   Data           1  main.o(.data)
    ADC_autosampling_last_tim                0x20000038   Data           4  main.o(.data)
    SystemCoreClock                          0x2000003c   Data           4  system_stm32f4xx.o(.data)
    AHBPrescTable                            0x20000040   Data          16  system_stm32f4xx.o(.data)
    USB_Tx_State                             0x20000050   Data           1  usbd_cdc_core.o(.data)
    APP_Rx_ptr_in                            0x20000058   Data           4  usbd_cdc_core.o(.data)
    APP_Rx_ptr_out                           0x2000005c   Data           4  usbd_cdc_core.o(.data)
    APP_Rx_length                            0x20000060   Data           4  usbd_cdc_core.o(.data)
    CmdBuff                                  0x20000070   Data           8  usbd_cdc_core.o(.data)
    usbd_cdc_CfgDesc                         0x20000078   Data          67  usbd_cdc_core.o(.data)
    USBD_CDC_cb                              0x200000bc   Data          44  usbd_cdc_core.o(.data)
    linecoding                               0x200000e8   Data           8  usbd_cdc_vcp.o(.data)
    VCP_fops                                 0x200000f0   Data          20  usbd_cdc_vcp.o(.data)
    USBD_DCD_INT_cb                          0x20000104   Data          44  usbd_core.o(.data)
    USBD_DCD_INT_fops                        0x20000130   Data           4  usbd_core.o(.data)
    SET_TEST_MODE                            0x20000134   Data           4  usbd_core.o(.data)
    USR_desc                                 0x20000138   Data          28  usbd_desc.o(.data)
    USBD_LangIDDesc                          0x20000154   Data           4  usbd_desc.o(.data)
    USBD_DeviceDesc                          0x20000158   Data          18  usbd_desc.o(.data)
    USBD_ep_status                           0x20000170   Data           4  usbd_req.o(.data)
    USBD_default_cfg                         0x20000174   Data           4  usbd_req.o(.data)
    USBD_cfg_status                          0x20000178   Data           4  usbd_req.o(.data)
    TM_USB_VCP_INT_Status                    0x2000017c   Data           1  usbd_usr.o(.data)
    USR_cb                                   0x20000180   Data          28  usbd_usr.o(.data)
    __microlib_freelist                      0x2000019c   Data           4  mvars.o(.data)
    __microlib_freelist_initialised          0x200001a0   Data           4  mvars.o(.data)
    TM_INT_USB_VCP_ReceiveBuffer             0x200001bc   Data         128  tm_stm32f4_usb_vcp.o(.bss)
    USB_OTG_dev                              0x2000023c   Data        1524  tm_stm32f4_usb_vcp.o(.bss)
    USB_Rx_Buffer                            0x20000846   Data          64  usbd_cdc_core.o(.bss)
    APP_Rx_Buffer                            0x20000886   Data        2048  usbd_cdc_core.o(.bss)
    USBD_StrDesc                             0x20001086   Data         255  usbd_req.o(.bss)
    __heap_base                              0x20001188   Data           0  startup_stm32f40_41xxx.o(HEAP)
    __heap_limit                             0x20001388   Data           0  startup_stm32f40_41xxx.o(HEAP)
    __initial_sp                             0x20001788   Data           0  startup_stm32f40_41xxx.o(STACK)



==============================================================================

Memory Map of the image

  Image Entry point : 0x08000189

  Load Region LR_IROM1 (Base: 0x08000000, Size: 0x00003b58, Max: 0x00100000, ABSOLUTE, COMPRESSED[0x00003aa0])

    Execution Region ER_IROM1 (Base: 0x08000000, Size: 0x000039b4, Max: 0x00100000, ABSOLUTE)

    Base Addr    Size         Type   Attr      Idx    E Section Name        Object

    0x08000000   0x00000188   Data   RO            3    RESET               startup_stm32f40_41xxx.o
    0x08000188   0x00000000   Code   RO          137  * .ARM.Collect$$$$00000000  mc_w.l(entry.o)
    0x08000188   0x00000004   Code   RO          154    .ARM.Collect$$$$00000001  mc_w.l(entry2.o)
    0x0800018c   0x00000004   Code   RO          157    .ARM.Collect$$$$00000004  mc_w.l(entry5.o)
    0x08000190   0x00000000   Code   RO          159    .ARM.Collect$$$$00000008  mc_w.l(entry7b.o)
    0x08000190   0x00000000   Code   RO          161    .ARM.Collect$$$$0000000A  mc_w.l(entry8b.o)
    0x08000190   0x00000008   Code   RO          162    .ARM.Collect$$$$0000000B  mc_w.l(entry9a.o)
    0x08000198   0x00000000   Code   RO          164    .ARM.Collect$$$$0000000D  mc_w.l(entry10a.o)
    0x08000198   0x00000000   Code   RO          166    .ARM.Collect$$$$0000000F  mc_w.l(entry11a.o)
    0x08000198   0x00000004   Code   RO          155    .ARM.Collect$$$$00002712  mc_w.l(entry2.o)
    0x0800019c   0x00000024   Code   RO            4    .text               startup_stm32f40_41xxx.o
    0x080001c0   0x000000b0   Code   RO            8    .text               misc.o
    0x08000270   0x00000484   Code   RO           12    .text               stm32f4xx_rcc.o
    0x080006f4   0x0000020c   Code   RO           17    .text               stm32f4xx_gpio.o
    0x08000900   0x000000e0   Code   RO           21    .text               stm32f4xx_exti.o
    0x080009e0   0x00000354   Code   RO           25    .text               stm32f4xx_adc.o
    0x08000d34   0x00000154   Code   RO           29    .text               stm32f4xx_dac.o
    0x08000e88   0x00000180   Code   RO           33    .text               tm_stm32f4_delay.o
    0x08001008   0x00000084   Code   RO           40    .text               tm_stm32f4_disco.o
    0x0800108c   0x0000019c   Code   RO           45    .text               tm_stm32f4_usb_vcp.o
    0x08001228   0x0000029c   Code   RO           51    .text               tm_stm32f4_gpio.o
    0x080014c4   0x0000033c   Code   RO           56    .text               tm_stm32f4_adc.o
    0x08001800   0x0000007c   Code   RO           60    .text               tm_stm32f4_dac.o
    0x0800187c   0x000001a0   Code   RO           64    .text               main.o
    0x08001a1c   0x0000001a   Code   RO           71    .text               stm32f4xx_it.o
    0x08001a36   0x00000002   PAD
    0x08001a38   0x00000180   Code   RO           75    .text               system_stm32f4xx.o
    0x08001bb8   0x000000f8   Code   RO           80    .text               usb_bsp.o
    0x08001cb0   0x00000920   Code   RO           84    .text               usb_core.o
    0x080025d0   0x00000280   Code   RO           88    .text               usb_dcd.o
    0x08002850   0x0000048c   Code   RO           92    .text               usb_dcd_int.o
    0x08002cdc   0x0000023c   Code   RO           96    .text               usbd_cdc_core.o
    0x08002f18   0x000000ac   Code   RO          104    .text               usbd_cdc_vcp.o
    0x08002fc4   0x00000258   Code   RO          110    .text               usbd_core.o
    0x0800321c   0x000000d0   Code   RO          117    .text               usbd_desc.o
    0x080032ec   0x000000b8   Code   RO          124    .text               usbd_ioreq.o
    0x080033a4   0x00000454   Code   RO          128    .text               usbd_req.o
    0x080037f8   0x00000044   Code   RO          134    .text               usbd_usr.o
    0x0800383c   0x00000024   Code   RO          172    .text               mc_w.l(init.o)
    0x08003860   0x00000056   Code   RO          178    .text               mc_w.l(__dczerorl2.o)
    0x080038b6   0x0000000e   Code   RO          175    i.__scatterload_copy  mc_w.l(handlers.o)
    0x080038c4   0x00000002   Code   RO          176    i.__scatterload_null  mc_w.l(handlers.o)
    0x080038c6   0x0000000e   Code   RO          177    i.__scatterload_zeroinit  mc_w.l(handlers.o)
    0x080038d4   0x00000050   Code   RO          140    i.free              mc_w.l(malloc.o)
    0x08003924   0x0000006c   Code   RO          141    i.malloc            mc_w.l(malloc.o)
    0x08003990   0x00000003   Data   RO           66    .constdata          main.o
    0x08003993   0x00000001   PAD
    0x08003994   0x00000020   Data   RO          173    Region$$Table       anon$$obj.o


    Execution Region RW_IRAM1 (Base: 0x20000000, Size: 0x00001788, Max: 0x00020000, ABSOLUTE, COMPRESSED[0x000000ec])

    Base Addr    Size         Type   Attr      Idx    E Section Name        Object

    0x20000000   0x00000010   Data   RW           13    .data               stm32f4xx_rcc.o
    0x20000010   0x00000010   Data   RW           36    .data               tm_stm32f4_delay.o
    0x20000020   0x00000001   Data   RW           41    .data               tm_stm32f4_disco.o
    0x20000021   0x00000003   PAD
    0x20000024   0x00000010   Data   RW           47    .data               tm_stm32f4_usb_vcp.o
    0x20000034   0x00000008   Data   RW           67    .data               main.o
    0x2000003c   0x00000014   Data   RW           76    .data               system_stm32f4xx.o
    0x20000050   0x0000006b   Data   RW           99    .data               usbd_cdc_core.o
    0x200000bb   0x00000001   PAD
    0x200000bc   0x0000002c   Data   RW          100    .data               usbd_cdc_core.o
    0x200000e8   0x00000008   Data   RW          105    .data               usbd_cdc_vcp.o
    0x200000f0   0x00000014   Data   RW          106    .data               usbd_cdc_vcp.o
    0x20000104   0x0000002c   Data   RW          111    .data               usbd_core.o
    0x20000130   0x00000004   Data   RW          112    .data               usbd_core.o
    0x20000134   0x00000004   Data   RW          113    .data               usbd_core.o
    0x20000138   0x0000001c   Data   RW          118    .data               usbd_desc.o
    0x20000154   0x00000016   Data   RW          119    .data               usbd_desc.o
    0x2000016a   0x00000002   PAD
    0x2000016c   0x00000010   Data   RW          130    .data               usbd_req.o
    0x2000017c   0x00000001   Data   RW          135    .data               usbd_usr.o
    0x2000017d   0x00000003   PAD
    0x20000180   0x0000001c   Data   RW          136    .data               usbd_usr.o
    0x2000019c   0x00000004   Data   RW          170    .data               mc_w.l(mvars.o)
    0x200001a0   0x00000004   Data   RW          171    .data               mc_w.l(mvars.o)
    0x200001a4   0x00000018   Zero   RW           34    .bss                tm_stm32f4_delay.o
    0x200001bc   0x00000674   Zero   RW           46    .bss                tm_stm32f4_usb_vcp.o
    0x20000830   0x00000016   Zero   RW           52    .bss                tm_stm32f4_gpio.o
    0x20000846   0x00000840   Zero   RW           98    .bss                usbd_cdc_core.o
    0x20001086   0x000000ff   Zero   RW          129    .bss                usbd_req.o
    0x20001185   0x00000003   PAD
    0x20001188   0x00000200   Zero   RW            2    HEAP                startup_stm32f40_41xxx.o
    0x20001388   0x00000400   Zero   RW            1    STACK               startup_stm32f40_41xxx.o


==============================================================================

Image component sizes


      Code (inc. data)   RO Data    RW Data    ZI Data      Debug   Object Name

       416         22          3          8          0          0   main.o
       176         12          0          0          0          0   misc.o
        36          8        392          0       1536          0   startup_stm32f40_41xxx.o
       852         20          0          0          0          0   stm32f4xx_adc.o
       340          4          0          0          0          0   stm32f4xx_dac.o
       224         10          0          0          0          0   stm32f4xx_exti.o
       524         44          0          0          0          0   stm32f4xx_gpio.o
        26          0          0          0          0          0   stm32f4xx_it.o
      1156         52          0         16          0          0   stm32f4xx_rcc.o
       384         40          0         20          0          0   system_stm32f4xx.o
       828         32          0          0          0          0   tm_stm32f4_adc.o
       124         12          0          0          0          0   tm_stm32f4_dac.o
       384         20          0         16         24          0   tm_stm32f4_delay.o
       132         12          0          1          0          0   tm_stm32f4_disco.o
       668         14          0          0         22          0   tm_stm32f4_gpio.o
       412         28          0         16       1652          0   tm_stm32f4_usb_vcp.o
       248         10          0          0          0          0   usb_bsp.o
      2336         18          0          0          0          0   usb_core.o
       640          0          0          0          0          0   usb_dcd.o
      1164         16          0          0          0          0   usb_dcd_int.o
       572         16          0        151       2112          0   usbd_cdc_core.o
       172         14          0         28          0          0   usbd_cdc_vcp.o
       600          4          0         52          0          0   usbd_core.o
       208        110          0         50          0          0   usbd_desc.o
       184          0          0          0          0          0   usbd_ioreq.o
      1108         36          0         16        255          0   usbd_req.o
        68          6          0         29          0          0   usbd_usr.o

    ----------------------------------------------------------------------
     13984        560        428        412       5604          0   Object Totals
         0          0         32          0          0          0   (incl. Generated)
         2          0          1          9          3          0   (incl. Padding)

    ----------------------------------------------------------------------

      Code (inc. data)   RO Data    RW Data    ZI Data      Debug   Library Member Name

        86          0          0          0          0          0   __dczerorl2.o
         0          0          0          0          0          0   entry.o
         0          0          0          0          0          0   entry10a.o
         0          0          0          0          0          0   entry11a.o
         8          4          0          0          0          0   entry2.o
         4          0          0          0          0          0   entry5.o
         0          0          0          0          0          0   entry7b.o
         0          0          0          0          0          0   entry8b.o
         8          4          0          0          0          0   entry9a.o
        30          0          0          0          0          0   handlers.o
        36          8          0          0          0          0   init.o
       188         20          0          0          0          0   malloc.o
         0          0          0          8          0          0   mvars.o

    ----------------------------------------------------------------------
       360         36          0          8          0          0   Library Totals
         0          0          0          0          0          0   (incl. Padding)

    ----------------------------------------------------------------------

      Code (inc. data)   RO Data    RW Data    ZI Data      Debug   Library Name

       360         36          0          8          0          0   mc_w.l

    ----------------------------------------------------------------------
       360         36          0          8          0          0   Library Totals

    ----------------------------------------------------------------------

==============================================================================


      Code (inc. data)   RO Data    RW Data    ZI Data      Debug   

     14344        596        428        420       5604          0   Grand Totals
     14344        596        428        236       5604          0   ELF Image Totals (compressed)
     14344        596        428        236          0          0   ROM Totals

==============================================================================

    Total RO  Size (Code + RO Data)                14772 (  14.43kB)
    Total RW  Size (RW Data + ZI Data)              6024 (   5.88kB)
    Total ROM Size (Code + RO Data + RW Data)      15008 (  14.66kB)

==============================================================================

